// Jest Snapshot v1, https://goo.gl/fbAQLP

exports[`FieldsQueryForm should render component 1`] = `
<Fragment>
  <div
    className="form-field"
  >
    <Component
      className="query-keyword"
    >
      Field Type
    </Component>
    <Select
      autoFocus={false}
      backspaceRemovesValue={true}
      className=""
      components={
        Object {
          "Group": [Function],
          "IndicatorsContainer": [Function],
          "MenuList": [Function],
          "Option": [Function],
          "SingleValue": [Function],
        }
      }
      isClearable={false}
      isDisabled={false}
      isLoading={false}
      isMulti={false}
      isSearchable={false}
      maxMenuHeight={300}
      menuIsOpen={false}
      onChange={[Function]}
      openMenuOnFocus={false}
      options={
        Array [
          Object {
            "label": "Any",
            "value": "",
          },
          Object {
            "label": "Number",
            "value": "number",
          },
          Object {
            "label": "Date",
            "value": "date",
          },
          Object {
            "label": "String",
            "value": "string",
          },
          Object {
            "label": "Keyword",
            "value": "keyword",
          },
          Object {
            "label": "Nested",
            "value": "nested",
          },
        ]
      }
      placeholder="Choose field type"
      value={
        Object {
          "label": "Any",
          "value": "",
        }
      }
      width={11}
    />
  </div>
</Fragment>
`;
