// Jest Snapshot v1, https://goo.gl/fbAQLP

exports[`TermsQueryForm should render component 1`] = `
<Fragment>
  <div
    className="form-field"
  >
    <Component
      className="query-keyword"
    >
      Field
    </Component>
    <Select
      autoFocus={false}
      backspaceRemovesValue={true}
      className=""
      components={
        Object {
          "Group": [Function],
          "IndicatorsContainer": [Function],
          "MenuList": [Function],
          "Option": [Function],
          "SingleValue": [Function],
        }
      }
      isClearable={false}
      isDisabled={false}
      isLoading={false}
      isMulti={false}
      isSearchable={true}
      maxMenuHeight={300}
      menuIsOpen={false}
      onChange={[Function]}
      openMenuOnFocus={false}
      options={
        Array [
          Object {
            "description": "number",
            "label": "field.a",
            "value": "field.a",
          },
        ]
      }
      placeholder="Choose field"
      width={11}
    />
  </div>
  <div
    className="form-field"
  >
    <Component
      className="query-keyword"
    >
      Query
    </Component>
    <Input
      className=""
      onBlur={[Function]}
      onChange={[Function]}
      placeholder="lucene query"
      value=""
    />
  </div>
  <div
    className="form-field"
  >
    <Component
      className="query-keyword"
    >
      Size
    </Component>
    <Input
      className="gf-form-input width-6"
      onBlur={[Function]}
      onChange={[Function]}
      placeholder="500"
      type="number"
      value=""
    />
  </div>
</Fragment>
`;
