// Jest Snapshot v1, https://goo.gl/fbAQLP

exports[`ElasticVariableQueryEditor should render component 1`] = `
<Fragment>
  <div
    className="form-field"
  >
    <Component
      className="query-keyword"
    >
      Query Type
    </Component>
    <Select
      autoFocus={false}
      backspaceRemovesValue={true}
      className=""
      components={
        Object {
          "Group": [Function],
          "IndicatorsContainer": [Function],
          "MenuList": [Function],
          "Option": [Function],
          "SingleValue": [Function],
        }
      }
      isClearable={false}
      isDisabled={false}
      isLoading={false}
      isMulti={false}
      isSearchable={false}
      maxMenuHeight={300}
      menuIsOpen={false}
      onChange={[Function]}
      openMenuOnFocus={false}
      options={
        Array [
          Object {
            "label": "Fields",
            "value": "fields",
          },
          Object {
            "label": "Terms",
            "value": "terms",
          },
        ]
      }
      placeholder="Choose type"
      value={
        Object {
          "label": "Fields",
          "value": "fields",
        }
      }
      width={11}
    />
  </div>
  <FieldsQueryForm
    onChange={[Function]}
    query={Object {}}
  />
</Fragment>
`;
