// Jest Snapshot v1, https://goo.gl/fbAQLP

exports[`Render should render component 1`] = `
<div
  className="sidemenu__bottom"
>
  <SignIn />
  <SideMenuItem
    key="undefined-0"
    menuItems={Array []}
    reverseMenuDirection={true}
  >
    <span
      className="icon-circle sidemenu-icon"
    />
  </SideMenuItem>
  <SideMenuItem
    key="undefined-1"
    menuItems={Array []}
    reverseMenuDirection={true}
  >
    <span
      className="icon-circle sidemenu-icon"
    />
  </SideMenuItem>
  <SideMenuItem
    key="undefined-2"
    menuItems={Array []}
    reverseMenuDirection={true}
  >
    <span
      className="icon-circle sidemenu-icon"
    />
  </SideMenuItem>
</div>
`;
