// Jest Snapshot v1, https://goo.gl/fbAQLP

exports[`Append Transformer filters by include 1`] = `
Object {
  "fields": Array [
    Object {
      "name": "A",
    },
    Object {
      "name": "B",
    },
    Object {
      "name": "C",
    },
  ],
  "meta": Object {
    "transformations": Array [
      "append",
    ],
  },
  "rows": Array [
    Array [
      1,
      2,
    ],
    Array [
      1,
      2,
    ],
    Array [
      undefined,
      2,
      3,
    ],
    Array [
      undefined,
      2,
      3,
    ],
  ],
}
`;
