// Jest Snapshot v1, https://goo.gl/fbAQLP

exports[`Render should render with base threshold 1`] = `
<ThresholdsEditor
  onChange={[MockFunction]}
  thresholds={Array []}
>
  <Component
    title="Thresholds"
  >
    <div
      className="panel-options-group"
    >
      <div
        className="panel-options-group__header"
      >
        <span
          className="panel-options-group__title"
        >
          Thresholds
        </span>
      </div>
      <div
        className="panel-options-group__body"
      >
        <div
          className="thresholds"
        >
          <div
            className="thresholds-row"
            key="100"
          >
            <div
              className="thresholds-row-add-button"
              onClick={[Function]}
            >
              <i
                className="fa fa-plus"
              />
            </div>
            <div
              className="thresholds-row-color-indicator"
              style={
                Object {
                  "backgroundColor": "#73BF69",
                }
              }
            />
            <div
              className="thresholds-row-input"
            >
              <div
                className="thresholds-row-input-inner"
              >
                <span
                  className="thresholds-row-input-inner-arrow"
                />
                <div
                  className="thresholds-row-input-inner-color"
                >
                  <div
                    className="thresholds-row-input-inner-color-colorpicker"
                  >
                    <WithTheme(ColorPicker)
                      color="green"
                      enableNamedColors={true}
                      onChange={[Function]}
                    >
                      <ColorPicker
                        color="green"
                        enableNamedColors={true}
                        onChange={[Function]}
                        theme={
                          Object {
                            "background": Object {
                              "dropdown": "#1f1f20",
                              "pageHeader": "linear-gradient(90deg, #292a2d, #000000)",
                              "scrollbar": "#343436",
                              "scrollbar2": "#343436",
                            },
                            "border": Object {
                              "radius": Object {
                                "lg": "5px",
                                "md": "3px",
                                "sm": "2px",
                              },
                              "width": Object {
                                "sm": "1px",
                              },
                            },
                            "breakpoints": Object {
                              "lg": "992px",
                              "md": "769px",
                              "sm": "544px",
                              "xl": "1200px",
                              "xs": "0",
                            },
                            "colors": Object {
                              "black": "#000000",
                              "blue": "#33b5e5",
                              "blue77": "#1f60c4",
                              "blue85": "#3274d9",
                              "blue95": "#5794f2",
                              "blueBase": "#3274d9",
                              "blueFaint": "#041126",
                              "blueLight": "#5794f2",
                              "blueShade": "#1f60c4",
                              "body": "#d8d9da",
                              "bodyBg": "#161719",
                              "brandDanger": "#e02f44",
                              "brandPrimary": "#eb7b18",
                              "brandSuccess": "#299c46",
                              "brandWarning": "#eb7b18",
                              "critical": "#e02f44",
                              "dark1": "#141414",
                              "dark10": "#424345",
                              "dark2": "#161719",
                              "dark3": "#1f1f20",
                              "dark4": "#212124",
                              "dark5": "#222426",
                              "dark6": "#262628",
                              "dark7": "#292a2d",
                              "dark8": "#2f2f32",
                              "dark9": "#343436",
                              "formDescription": "#9fa7b3",
                              "formInputBg": "#202226",
                              "formInputBgDisabled": "#141619",
                              "formInputBorder": "#343b40",
                              "formInputBorderActive": "#5794f2",
                              "formInputBorderHover": "#464c54",
                              "formInputBorderInvalid": "#e02f44",
                              "formInputDisabledText": "#9fa7b3",
                              "formInputFocusOutline": "#1f60c4",
                              "formInputText": "#c7d0d9",
                              "formInputTextStrong": "#c7d0d9",
                              "formInputTextWhite": "#ffffff",
                              "formLabel": "#9fa7b3",
                              "formLegend": "#c7d0d9",
                              "formSwitchBg": "#5794f2",
                              "formSwitchBgDisabled": "#343b40",
                              "formSwitchBgHover": "#3274d9",
                              "formSwitchDot": "#202226",
                              "formValidationMessageBg": "#e02f44",
                              "formValidationMessageText": "#ffffff",
                              "gray05": "#0b0c0e",
                              "gray1": "#555555",
                              "gray10": "#141619",
                              "gray15": "#202226",
                              "gray2": "#8e8e8e",
                              "gray25": "#343b40",
                              "gray3": "#b3b3b3",
                              "gray33": "#464c54",
                              "gray4": "#d8d9da",
                              "gray5": "#ececec",
                              "gray6": "#f4f5f8",
                              "gray7": "#fbfbfb",
                              "gray70": "#9fa7b3",
                              "gray85": "#c7d0d9",
                              "gray95": "#e9edf2",
                              "gray98": "#f7f8fa",
                              "grayBlue": "#212327",
                              "greenBase": "#299c46",
                              "greenShade": "#23843b",
                              "headingColor": "#d8d9da",
                              "inputBlack": "#09090b",
                              "link": "#d8d9da",
                              "linkDisabled": "#8e8e8e",
                              "linkExternal": "#33b5e5",
                              "linkHover": "#ffffff",
                              "online": "#299c46",
                              "orange": "#eb7b18",
                              "orangeDark": "#ff780a",
                              "pageBg": "#161719",
                              "pageHeaderBorder": "#343436",
                              "purple": "#9933cc",
                              "queryGreen": "#74e680",
                              "queryKeyword": "#66d9ef",
                              "queryOrange": "#eb7b18",
                              "queryPurple": "#fe85fc",
                              "queryRed": "#e02f44",
                              "red": "#d44a3a",
                              "red88": "#e02f44",
                              "redBase": "#e02f44",
                              "redShade": "#c4162a",
                              "text": "#d8d9da",
                              "textEmphasis": "#ececec",
                              "textFaint": "#222426",
                              "textStrong": "#ffffff",
                              "textWeak": "#8e8e8e",
                              "variable": "#32d1df",
                              "warn": "#f79520",
                              "white": "#ffffff",
                              "yellow": "#ecbb13",
                            },
                            "height": Object {
                              "lg": "48px",
                              "md": "32px",
                              "sm": "24px",
                            },
                            "isDark": true,
                            "isLight": false,
                            "name": "Grafana Dark",
                            "panelHeaderHeight": 28,
                            "panelPadding": 8,
                            "shadow": Object {
                              "pageHeader": "inset 0px -4px 14px #1f1f20",
                            },
                            "spacing": Object {
                              "d": "14px",
                              "formButtonHeight": 32,
                              "formFieldsetMargin": "16px",
                              "formInputAffixPaddingHorizontal": "4px",
                              "formInputHeight": "32px",
                              "formInputMargin": "16px",
                              "formInputPaddingHorizontal": "8px",
                              "formLabelMargin": "0 0 4px 0",
                              "formLabelPadding": "0 0 0 2px",
                              "formLegendMargin": "0 0 16px 0",
                              "formMargin": "32px",
                              "formSpacingBase": 8,
                              "formValidationMessagePadding": "4px 8px",
                              "gutter": "30px",
                              "insetSquishMd": "4px 8px",
                              "lg": "24px",
                              "md": "16px",
                              "sm": "8px",
                              "xl": "32px",
                              "xs": "4px",
                              "xxs": "2px",
                            },
                            "type": "dark",
                          }
                        }
                      >
                        <PopoverController
                          content={
                            <ColorPickerPopover
                              color="green"
                              enableNamedColors={true}
                              onChange={[Function]}
                              theme={
                                Object {
                                  "background": Object {
                                    "dropdown": "#1f1f20",
                                    "pageHeader": "linear-gradient(90deg, #292a2d, #000000)",
                                    "scrollbar": "#343436",
                                    "scrollbar2": "#343436",
                                  },
                                  "border": Object {
                                    "radius": Object {
                                      "lg": "5px",
                                      "md": "3px",
                                      "sm": "2px",
                                    },
                                    "width": Object {
                                      "sm": "1px",
                                    },
                                  },
                                  "breakpoints": Object {
                                    "lg": "992px",
                                    "md": "769px",
                                    "sm": "544px",
                                    "xl": "1200px",
                                    "xs": "0",
                                  },
                                  "colors": Object {
                                    "black": "#000000",
                                    "blue": "#33b5e5",
                                    "blue77": "#1f60c4",
                                    "blue85": "#3274d9",
                                    "blue95": "#5794f2",
                                    "blueBase": "#3274d9",
                                    "blueFaint": "#041126",
                                    "blueLight": "#5794f2",
                                    "blueShade": "#1f60c4",
                                    "body": "#d8d9da",
                                    "bodyBg": "#161719",
                                    "brandDanger": "#e02f44",
                                    "brandPrimary": "#eb7b18",
                                    "brandSuccess": "#299c46",
                                    "brandWarning": "#eb7b18",
                                    "critical": "#e02f44",
                                    "dark1": "#141414",
                                    "dark10": "#424345",
                                    "dark2": "#161719",
                                    "dark3": "#1f1f20",
                                    "dark4": "#212124",
                                    "dark5": "#222426",
                                    "dark6": "#262628",
                                    "dark7": "#292a2d",
                                    "dark8": "#2f2f32",
                                    "dark9": "#343436",
                                    "formDescription": "#9fa7b3",
                                    "formInputBg": "#202226",
                                    "formInputBgDisabled": "#141619",
                                    "formInputBorder": "#343b40",
                                    "formInputBorderActive": "#5794f2",
                                    "formInputBorderHover": "#464c54",
                                    "formInputBorderInvalid": "#e02f44",
                                    "formInputDisabledText": "#9fa7b3",
                                    "formInputFocusOutline": "#1f60c4",
                                    "formInputText": "#c7d0d9",
                                    "formInputTextStrong": "#c7d0d9",
                                    "formInputTextWhite": "#ffffff",
                                    "formLabel": "#9fa7b3",
                                    "formLegend": "#c7d0d9",
                                    "formSwitchBg": "#5794f2",
                                    "formSwitchBgDisabled": "#343b40",
                                    "formSwitchBgHover": "#3274d9",
                                    "formSwitchDot": "#202226",
                                    "formValidationMessageBg": "#e02f44",
                                    "formValidationMessageText": "#ffffff",
                                    "gray05": "#0b0c0e",
                                    "gray1": "#555555",
                                    "gray10": "#141619",
                                    "gray15": "#202226",
                                    "gray2": "#8e8e8e",
                                    "gray25": "#343b40",
                                    "gray3": "#b3b3b3",
                                    "gray33": "#464c54",
                                    "gray4": "#d8d9da",
                                    "gray5": "#ececec",
                                    "gray6": "#f4f5f8",
                                    "gray7": "#fbfbfb",
                                    "gray70": "#9fa7b3",
                                    "gray85": "#c7d0d9",
                                    "gray95": "#e9edf2",
                                    "gray98": "#f7f8fa",
                                    "grayBlue": "#212327",
                                    "greenBase": "#299c46",
                                    "greenShade": "#23843b",
                                    "headingColor": "#d8d9da",
                                    "inputBlack": "#09090b",
                                    "link": "#d8d9da",
                                    "linkDisabled": "#8e8e8e",
                                    "linkExternal": "#33b5e5",
                                    "linkHover": "#ffffff",
                                    "online": "#299c46",
                                    "orange": "#eb7b18",
                                    "orangeDark": "#ff780a",
                                    "pageBg": "#161719",
                                    "pageHeaderBorder": "#343436",
                                    "purple": "#9933cc",
                                    "queryGreen": "#74e680",
                                    "queryKeyword": "#66d9ef",
                                    "queryOrange": "#eb7b18",
                                    "queryPurple": "#fe85fc",
                                    "queryRed": "#e02f44",
                                    "red": "#d44a3a",
                                    "red88": "#e02f44",
                                    "redBase": "#e02f44",
                                    "redShade": "#c4162a",
                                    "text": "#d8d9da",
                                    "textEmphasis": "#ececec",
                                    "textFaint": "#222426",
                                    "textStrong": "#ffffff",
                                    "textWeak": "#8e8e8e",
                                    "variable": "#32d1df",
                                    "warn": "#f79520",
                                    "white": "#ffffff",
                                    "yellow": "#ecbb13",
                                  },
                                  "height": Object {
                                    "lg": "48px",
                                    "md": "32px",
                                    "sm": "24px",
                                  },
                                  "isDark": true,
                                  "isLight": false,
                                  "name": "Grafana Dark",
                                  "panelHeaderHeight": 28,
                                  "panelPadding": 8,
                                  "shadow": Object {
                                    "pageHeader": "inset 0px -4px 14px #1f1f20",
                                  },
                                  "spacing": Object {
                                    "d": "14px",
                                    "formButtonHeight": 32,
                                    "formFieldsetMargin": "16px",
                                    "formInputAffixPaddingHorizontal": "4px",
                                    "formInputHeight": "32px",
                                    "formInputMargin": "16px",
                                    "formInputPaddingHorizontal": "8px",
                                    "formLabelMargin": "0 0 4px 0",
                                    "formLabelPadding": "0 0 0 2px",
                                    "formLegendMargin": "0 0 16px 0",
                                    "formMargin": "32px",
                                    "formSpacingBase": 8,
                                    "formValidationMessagePadding": "4px 8px",
                                    "gutter": "30px",
                                    "insetSquishMd": "4px 8px",
                                    "lg": "24px",
                                    "md": "16px",
                                    "sm": "8px",
                                    "xl": "32px",
                                    "xs": "4px",
                                    "xxs": "2px",
                                  },
                                  "type": "dark",
                                }
                              }
                            />
                          }
                          hideAfter={300}
                        >
                          <ForwardRef(ColorPickerTrigger)
                            color="#73BF69"
                            onClick={[Function]}
                            onMouseLeave={[Function]}
                          >
                            <div
                              onClick={[Function]}
                              onMouseLeave={[Function]}
                              style={
                                Object {
                                  "background": "inherit",
                                  "border": "none",
                                  "borderRadius": 10,
                                  "color": "inherit",
                                  "cursor": "pointer",
                                  "overflow": "hidden",
                                  "padding": 0,
                                }
                              }
                            >
                              <div
                                style={
                                  Object {
                                    "backgroundImage": "url(data:image/png,base64,iVBORw0KGgoAAAANSUhEUgAAAAwAAAAMCAIAAADZF8uwAAAAGUlEQVQYV2M4gwH+YwCGIasIUwhT25BVBADtzYNYrHvv4gAAAABJRU5ErkJggg==)",
                                    "border": "none",
                                    "float": "left",
                                    "height": 15,
                                    "margin": 0,
                                    "position": "relative",
                                    "width": 15,
                                    "zIndex": 0,
                                  }
                                }
                              >
                                <div
                                  style={
                                    Object {
                                      "backgroundColor": "#73BF69",
                                      "bottom": 0,
                                      "display": "block",
                                      "left": 0,
                                      "position": "absolute",
                                      "right": 0,
                                      "top": 0,
                                    }
                                  }
                                />
                              </div>
                            </div>
                          </ForwardRef(ColorPickerTrigger)>
                        </PopoverController>
                      </ColorPicker>
                    </WithTheme(ColorPicker)>
                  </div>
                </div>
                <div
                  className="thresholds-row-input-inner-value"
                >
                  <Input
                    className=""
                    readOnly={true}
                    type="text"
                    value="Base"
                  >
                    <div
                      style={
                        Object {
                          "flexGrow": 1,
                        }
                      }
                    >
                      <input
                        className="gf-form-input"
                        readOnly={true}
                        type="text"
                        value="Base"
                      />
                    </div>
                  </Input>
                </div>
              </div>
            </div>
          </div>
        </div>
      </div>
    </div>
  </Component>
</ThresholdsEditor>
`;
