// Jest Snapshot v1, https://goo.gl/fbAQLP

exports[`Gauge Panel Migrations from 6.1.1 1`] = `
Object {
  "fieldOptions": Object {
    "calcs": Array [
      "last",
    ],
    "defaults": Object {
      "decimals": 3,
      "max": "50",
      "min": "-50",
      "scale": {
        "thresholds": Array [
          Object {
            "color": "green",
            "value": null,
          },
          Object {
            "color": "#EAB839",
            "value": -25,
          },
          Object {
            "color": "#6ED0E0",
            "value": 0,
          },
          Object {
            "color": "red",
            "value": 25,
          },
        ],
      }
      "unit": "accMS2"
    },
    "mappings": Array [
      Object {
        "from": "50",
        "id": 1,
        "operator": "",
        "text": "BIG",
        "to": "1000",
        "type": 2,
        "value": "",
      },
    ],
  },
  "orientation": "auto",
  "showThresholdLabels": true,
  "showThresholdMarkers": true,
}
`;
