// Jest Snapshot v1, https://goo.gl/fbAQLP

exports[`BarGauge Panel Migrations from 6.2 1`] = `
Object {
  "displayMode": "lcd",
  "orientation": "vertical",
  "valueOptions": Object {
    "calcs": Array [
      "mean",
    ],
    "limit": undefined,
    "values": false,
  },
}
`;
