ðŸŒŸ This was machine generated.  Do not edit. ðŸŒŸ

Frame[0] 
Name: simple
Dimensions: 3 Fields by 2 Rows
+-----------------+------------------+------------------+
| Name: Field1    | Name: Field2     | Name: Field3     |
| Labels:         | Labels:          | Labels:          |
| Type: []*string | Type: []*float64 | Type: []*float64 |
+-----------------+------------------+------------------+
| A               | 5                | 6                |
| B               | 6                | 7                |
+-----------------+------------------+------------------+


====== TEST DATA RESPONSE (arrow base64) ======
FRAME=QVJST1cxAAD/////0AEAABAAAAAAAAoADgAMAAsABAAKAAAAFAAAAAAAAAEDAAoADAAAAAgABAAKAAAACAAAAFQAAAACAAAAKAAAAAQAAAC4/v//CAAAAAwAAAAAAAAAAAAAAAUAAAByZWZJZAAAANj+//8IAAAAEAAAAAYAAABzaW1wbGUAAAQAAABuYW1lAAAAAAMAAADgAAAAZAAAAAQAAAA+////FAAAADwAAAA8AAAAAAADATwAAAABAAAABAAAACz///8IAAAAEAAAAAYAAABGaWVsZDMAAAQAAABuYW1lAAAAAAAAAACi////AAACAAYAAABGaWVsZDMAAJr///8UAAAAPAAAAEQAAAAAAAMBRAAAAAEAAAAEAAAAiP///wgAAAAQAAAABgAAAEZpZWxkMgAABAAAAG5hbWUAAAAAAAAAAAAABgAIAAYABgAAAAAAAgAGAAAARmllbGQyAAAAABIAGAAUABMAEgAMAAAACAAEABIAAAAUAAAARAAAAEgAAAAAAAUBRAAAAAEAAAAMAAAACAAMAAgABAAIAAAACAAAABAAAAAGAAAARmllbGQxAAAEAAAAbmFtZQAAAAAAAAAABAAEAAQAAAAGAAAARmllbGQxAAAAAAAA//////gAAAAUAAAAAAAAAAwAFgAUABMADAAEAAwAAAA4AAAAAAAAABQAAAAAAAADAwAKABgADAAIAAQACgAAABQAAACIAAAAAgAAAAAAAAAAAAAABwAAAAAAAAAAAAAAAAAAAAAAAAAAAAAAAAAAABAAAAAAAAAAEAAAAAAAAAAIAAAAAAAAABgAAAAAAAAAAAAAAAAAAAAYAAAAAAAAABAAAAAAAAAAKAAAAAAAAAAAAAAAAAAAACgAAAAAAAAAEAAAAAAAAAAAAAAAAwAAAAIAAAAAAAAAAAAAAAAAAAACAAAAAAAAAAAAAAAAAAAAAgAAAAAAAAAAAAAAAAAAAAAAAAABAAAAAgAAAAAAAABBQgAAAAAAAAAAAAAAABRAAAAAAAAAGEAAAAAAAAAYQAAAAAAAABxAEAAAAAwAFAASAAwACAAEAAwAAAAQAAAALAAAADgAAAAAAAMAAQAAAOABAAAAAAAAAAEAAAAAAAA4AAAAAAAAAAAAAAAAAAAAAAAKAAwAAAAIAAQACgAAAAgAAABUAAAAAgAAACgAAAAEAAAAuP7//wgAAAAMAAAAAAAAAAAAAAAFAAAAcmVmSWQAAADY/v//CAAAABAAAAAGAAAAc2ltcGxlAAAEAAAAbmFtZQAAAAADAAAA4AAAAGQAAAAEAAAAPv///xQAAAA8AAAAPAAAAAAAAwE8AAAAAQAAAAQAAAAs////CAAAABAAAAAGAAAARmllbGQzAAAEAAAAbmFtZQAAAAAAAAAAov///wAAAgAGAAAARmllbGQzAACa////FAAAADwAAABEAAAAAAADAUQAAAABAAAABAAAAIj///8IAAAAEAAAAAYAAABGaWVsZDIAAAQAAABuYW1lAAAAAAAAAAAAAAYACAAGAAYAAAAAAAIABgAAAEZpZWxkMgAAAAASABgAFAATABIADAAAAAgABAASAAAAFAAAAEQAAABIAAAAAAAFAUQAAAABAAAADAAAAAgADAAIAAQACAAAAAgAAAAQAAAABgAAAEZpZWxkMQAABAAAAG5hbWUAAAAAAAAAAAQABAAEAAAABgAAAEZpZWxkMQAA+AEAAEFSUk9XMQ==
