// Jest Snapshot v1, https://goo.gl/fbAQLP

exports[`FieldDisplay Should ignore null values settings 1`] = `
Array [
  Object {
    "numeric": 0,
    "text": "0",
  },
  Object {
    "numeric": NaN,
    "text": "NONONO",
  },
  Object {
    "numeric": 0,
    "text": "0",
  },
  Object {
    "numeric": 6,
    "text": "6",
  },
  Object {
    "numeric": 0,
    "text": "0",
  },
  Object {
    "numeric": 20,
    "text": "20",
  },
  Object {
    "numeric": 15,
    "text": "15",
  },
  Object {
    "numeric": 0,
    "text": "0",
  },
  Object {
    "numeric": NaN,
    "text": "NONONO",
  },
  Object {
    "numeric": 20,
    "text": "20",
  },
  Object {
    "numeric": 15,
    "text": "15",
  },
]
`;
