// Jest Snapshot v1, https://goo.gl/fbAQLP

exports[`Login Page renders correctly 1`] = `
<div>
  <div
    class="css-1cgt561"
  >
    <div
      class="login-content-box css-odanoj"
    >
      <div
        class="css-1yyz87g"
      >
        <img
          alt="Grafana"
          class="css-1px3c36"
          src="public/img/grafana_icon.svg"
        />
        <div
          class="css-1w4npsm"
        >
          <h1
            class="css-vxdt2o"
          >
            Welcome to Grafana
          </h1>
        </div>
      </div>
      <div
        class="css-9h8xxw"
      >
        <div
          class="css-iim5di"
        >
          <div
            class="css-lcb2lo"
          >
            <form
              class="css-xs0vux"
            >
              <div
                class="css-8e5b3"
              >
                <div
                  class="css-jt4xma-Label"
                >
                  <label>
                    <div
                      class="css-xhqy0o"
                    >
                      Email or username
                    </div>
                  </label>
                </div>
                <div>
                  <div
                    class="css-xcstkt-input-wrapper"
                  >
                    <div
                      class="css-1w5c5dq-input-inputWrapper"
                    >
                      <input
                        aria-label="Username input field"
                        autocapitalize="none"
                        class="css-mtvhwr-input-input"
                        name="user"
                      />
                    </div>
                  </div>
                </div>
              </div>
              <div
                class="css-8e5b3"
              >
                <div
                  class="css-jt4xma-Label"
                >
                  <label>
                    <div
                      class="css-xhqy0o"
                    >
                      Password
                    </div>
                  </label>
                </div>
                <div>
                  <div
                    class="css-xcstkt-input-wrapper"
                  >
                    <div
                      class="css-1w5c5dq-input-inputWrapper"
                    >
                      <input
                        aria-label="Password input field"
                        class="css-mtvhwr-input-input"
                        name="password"
                        type="password"
                      />
                    </div>
                  </div>
                </div>
              </div>
              <button
                aria-label="Login button"
                class="css-w9m50q-button"
              >
                <span
                  class="css-1mhnkuh"
                >
                  Log in
                </span>
              </button>
              <div
                class="css-4bnqyk-horizontal-group"
                style="width: 100%; height: 100%;"
              >
                <div
                  class="css-3h7b25-layoutChildrenWrapper"
                >
                  <a
                    class="css-19vj0lr-button"
                    href="/user/password/send-reset-email"
                    tabindex="0"
                  >
                    <span
                      class="css-1mhnkuh"
                    >
                      Forgot your password?
                    </span>
                  </a>
                </div>
              </div>
            </form>
          </div>
          <div
            class="css-66nrdr-vertical-group"
            style="width: 100%; height: 100%;"
          >
            <div
              class="css-1708ggn-layoutChildrenWrapper"
            >
              <div
                class="css-1v3caum"
              >
                New to Grafana?
              </div>
            </div>
            <div
              class="css-1708ggn-layoutChildrenWrapper"
            >
              <a
                class="css-1ulskws-button"
                href="/signup"
                tabindex="0"
              >
                <span
                  class="css-1mhnkuh"
                >
                  Sign up
                </span>
              </a>
            </div>
          </div>
        </div>
      </div>
    </div>
    <footer
      class="footer"
    >
      <div
        class="text-center"
      >
        <ul>
          <li>
            <a
              href="https://grafana.com/docs/grafana/latest/?utm_source=grafana_footer"
              rel="noopener"
              target="_blank"
            >
              <div
                class="css-1vzus6i-Icon"
              />
               
              Documentation
            </a>
          </li>
          <li>
            <a
              href="https://grafana.com/products/enterprise/?utm_source=grafana_footer"
              rel="noopener"
              target="_blank"
            >
              <div
                class="css-1vzus6i-Icon"
              />
               
              Support
            </a>
          </li>
          <li>
            <a
              href="https://community.grafana.com/?utm_source=grafana_footer"
              rel="noopener"
              target="_blank"
            >
              <div
                class="css-1vzus6i-Icon"
              />
               
              Community
            </a>
          </li>
          <li>
            <a
              href=""
              rel="noopener"
            >
               
              Open Source
            </a>
          </li>
          <li>
            <a
              rel="noopener"
            >
               
              vv1.0 (1)
            </a>
          </li>
        </ul>
      </div>
    </footer>
  </div>
</div>
`;
