// Jest Snapshot v1, https://goo.gl/fbAQLP

exports[`GEL Utils should parse output with dataframe 1`] = `
Array [
  Object {
    "fields": Array [
      Object {
        "config": Object {},
        "labels": undefined,
        "name": "Time",
        "type": "time",
        "values": Array [
          1569334575000,
          1569334580000,
          1569334585000,
          1569334590000,
          1569334595000,
          1569334600000,
          1569334605000,
          1569334610000,
          1569334615000,
          1569334620000,
          1569334625000,
          1569334630000,
          1569334635000,
        ],
      },
      Object {
        "config": Object {},
        "labels": undefined,
        "name": "",
        "type": "number",
        "values": Array [
          3,
          3,
          3,
          5,
          5,
          5,
          3,
          3,
          3,
          5,
          5,
          5,
          3,
        ],
      },
    ],
    "meta": undefined,
    "name": undefined,
    "refId": "GC",
  },
  Object {
    "fields": Array [
      Object {
        "config": Object {},
        "labels": undefined,
        "name": "Time",
        "type": "time",
        "values": Array [
          1569334575000,
          1569334580000,
          1569334585000,
          1569334590000,
          1569334595000,
          1569334600000,
          1569334605000,
          1569334610000,
          1569334615000,
          1569334620000,
          1569334625000,
          1569334630000,
          1569334635000,
        ],
      },
      Object {
        "config": Object {},
        "labels": undefined,
        "name": "GB-series",
        "type": "number",
        "values": Array [
          0,
          0,
          0,
          2,
          2,
          2,
          0,
          0,
          0,
          2,
          2,
          2,
          0,
        ],
      },
    ],
    "meta": undefined,
    "name": undefined,
    "refId": "GB",
  },
]
`;

exports[`Read/Write arrow Table to DataFrame should parse output with dataframe 1`] = `
Object {
  "fields": Array [
    Object {
      "config": Object {},
      "labels": undefined,
      "name": "string_values",
      "type": "string",
      "values": Array [
        "Grafana",
        "‚ù§Ô∏è",
        "Transforms",
      ],
    },
    Object {
      "config": Object {
        "decimals": 2,
        "filterable": false,
        "links": Array [
          Object {
            "targetBlank": true,
            "title": "Donate - The Sloth Conservation Foundation",
            "url": "https://slothconservation.com/how-to-help/donate/",
          },
        ],
        "max": null,
        "min": null,
        "noValue": "üò§",
        "nullValueMode": "null",
        "title": "Grafana ‚ù§Ô∏è (Previous should be heart emoji) ü¶• (Previous should be sloth emoji)",
      },
      "labels": undefined,
      "name": "nullable_string_values",
      "type": "string",
      "values": Array [
        "ü¶•",
        null,
        "update your unicode/font if no sloth, is 2019.",
      ],
    },
    Object {
      "config": Object {
        "max": 1,
        "min": 0,
      },
      "labels": undefined,
      "name": "int_values",
      "type": "number",
      "values": Array [
        "\\"-9223372036854775808\\"",
        "\\"1\\"",
        "\\"9223372036854775807\\"",
      ],
    },
    Object {
      "config": Object {},
      "labels": undefined,
      "name": "nullable_int_values",
      "type": "number",
      "values": Array [
        "\\"-9223372036854775808\\"",
        null,
        "\\"9223372036854775807\\"",
      ],
    },
    Object {
      "config": Object {},
      "labels": undefined,
      "name": "uint_values",
      "type": "number",
      "values": Array [
        "\\"0\\"",
        "\\"1\\"",
        "\\"18446744073709551615\\"",
      ],
    },
    Object {
      "config": Object {},
      "labels": undefined,
      "name": "nullable_uint_values",
      "type": "number",
      "values": Array [
        "\\"0\\"",
        null,
        "\\"18446744073709551615\\"",
      ],
    },
    Object {
      "config": Object {},
      "labels": undefined,
      "name": "float_values",
      "type": "number",
      "values": Array [
        0,
        1,
        2,
      ],
    },
    Object {
      "config": Object {},
      "labels": undefined,
      "name": "nullable_float_values",
      "type": "number",
      "values": Array [
        0,
        null,
        2,
      ],
    },
    Object {
      "config": Object {},
      "labels": undefined,
      "name": "bool_values",
      "type": "boolean",
      "values": Array [
        true,
        true,
        false,
      ],
    },
    Object {
      "config": Object {},
      "labels": undefined,
      "name": "nullable_bool_values",
      "type": "boolean",
      "values": Array [
        true,
        null,
        false,
      ],
    },
    Object {
      "config": Object {},
      "labels": undefined,
      "name": "timestamps",
      "type": "time",
      "values": Array [
        1568039445000,
        1568039450000,
        1568039455000,
      ],
    },
    Object {
      "config": Object {},
      "labels": undefined,
      "name": "nullable_timestamps",
      "type": "time",
      "values": Array [
        1568039445000,
        null,
        1568039455000,
      ],
    },
  ],
  "meta": Object {
    "limit": 4242,
    "searchWords": Array [
      "Grafana",
      "‚ù§Ô∏è",
      " ü¶• ",
      "test",
    ],
  },
  "name": "many_types",
  "refId": "A",
}
`;
