ðŸŒŸ This was machine generated.  Do not edit. ðŸŒŸ

Frame[0] {
    "executedQueryString": "Expr: \nStep: 0s"
}
Name: {}
Dimensions: 2 Fields by 6 Rows
+-----------------------------------+-----------------+
| Name: time                        | Name: value     |
| Labels:                           | Labels:         |
| Type: []time.Time                 | Type: []float64 |
+-----------------------------------+-----------------+
| 2022-01-24 08:54:13.815 +0000 UTC | 50              |
| 2022-01-24 08:59:13.815 +0000 UTC | 57              |
| 2022-01-24 09:04:13.815 +0000 UTC | 55              |
| 2022-01-24 09:34:13.815 +0000 UTC | 54              |
| 2022-01-24 09:39:13.815 +0000 UTC | 55              |
| 2022-01-24 09:44:13.815 +0000 UTC | 56              |
+-----------------------------------+-----------------+


====== TEST DATA RESPONSE (arrow base64) ======
FRAME=QVJST1cxAAD/////OAIAABAAAAAAAAoADgAMAAsABAAKAAAAFAAAAAAAAAEEAAoADAAAAAgABAAKAAAACAAAAJwAAAADAAAATAAAACgAAAAEAAAAWP7//wgAAAAMAAAAAAAAAAAAAAAFAAAAcmVmSWQAAAB4/v//CAAAAAwAAAACAAAAe30AAAQAAABuYW1lAAAAAJj+//8IAAAANAAAACoAAAB7ImV4ZWN1dGVkUXVlcnlTdHJpbmciOiJFeHByOiBcblN0ZXA6IDBzIn0AAAQAAABtZXRhAAAAAAIAAADUAAAABAAAAEb///8UAAAAnAAAAJwAAAAAAAADnAAAAAMAAABQAAAALAAAAAQAAAAU////CAAAABAAAAAFAAAAdmFsdWUAAAAEAAAAbmFtZQAAAAA4////CAAAAAwAAAACAAAAe30AAAYAAABsYWJlbHMAAFj///8IAAAAJAAAABoAAAB7ImRpc3BsYXlOYW1lRnJvbURTIjoie30ifQAABgAAAGNvbmZpZwAAAAAAAGb///8AAAIABQAAAHZhbHVlABIAGAAUAAAAEwAMAAAACAAEABIAAAAUAAAAaAAAAHAAAAAAAAAKcAAAAAIAAAA0AAAABAAAANz///8IAAAAEAAAAAQAAAB0aW1lAAAAAAQAAABuYW1lAAAAAAgADAAIAAQACAAAAAgAAAAMAAAAAgAAAHt9AAAGAAAAY29uZmlnAAAAAAAAAAAGAAgABgAGAAAAAAADAAQAAAB0aW1lAAAAAAAAAAD/////uAAAABQAAAAAAAAADAAWABQAEwAMAAQADAAAAGAAAAAAAAAAFAAAAAAAAAMEAAoAGAAMAAgABAAKAAAAFAAAAFgAAAAGAAAAAAAAAAAAAAAEAAAAAAAAAAAAAAAAAAAAAAAAAAAAAAAAAAAAMAAAAAAAAAAwAAAAAAAAAAAAAAAAAAAAMAAAAAAAAAAwAAAAAAAAAAAAAAACAAAABgAAAAAAAAAAAAAAAAAAAAYAAAAAAAAAAAAAAAAAAADAu3nQ8CjNFsBz3qk2Kc0WwCtDg3wpzRbAe5+bHyvNFsAzBHVlK80WwOtoTqsrzRYAAAAAAABJQAAAAAAAgExAAAAAAACAS0AAAAAAAABLQAAAAAAAgEtAAAAAAAAATEAQAAAADAAUABIADAAIAAQADAAAABAAAAAsAAAAOAAAAAAABAABAAAASAIAAAAAAADAAAAAAAAAAGAAAAAAAAAAAAAAAAAAAAAAAAoADAAAAAgABAAKAAAACAAAAJwAAAADAAAATAAAACgAAAAEAAAAWP7//wgAAAAMAAAAAAAAAAAAAAAFAAAAcmVmSWQAAAB4/v//CAAAAAwAAAACAAAAe30AAAQAAABuYW1lAAAAAJj+//8IAAAANAAAACoAAAB7ImV4ZWN1dGVkUXVlcnlTdHJpbmciOiJFeHByOiBcblN0ZXA6IDBzIn0AAAQAAABtZXRhAAAAAAIAAADUAAAABAAAAEb///8UAAAAnAAAAJwAAAAAAAADnAAAAAMAAABQAAAALAAAAAQAAAAU////CAAAABAAAAAFAAAAdmFsdWUAAAAEAAAAbmFtZQAAAAA4////CAAAAAwAAAACAAAAe30AAAYAAABsYWJlbHMAAFj///8IAAAAJAAAABoAAAB7ImRpc3BsYXlOYW1lRnJvbURTIjoie30ifQAABgAAAGNvbmZpZwAAAAAAAGb///8AAAIABQAAAHZhbHVlABIAGAAUAAAAEwAMAAAACAAEABIAAAAUAAAAaAAAAHAAAAAAAAAKcAAAAAIAAAA0AAAABAAAANz///8IAAAAEAAAAAQAAAB0aW1lAAAAAAQAAABuYW1lAAAAAAgADAAIAAQACAAAAAgAAAAMAAAAAgAAAHt9AAAGAAAAY29uZmlnAAAAAAAAAAAGAAgABgAGAAAAAAADAAQAAAB0aW1lAAAAAGACAABBUlJPVzE=
