ðŸŒŸ This was machine generated.  Do not edit. ðŸŒŸ

Frame[0] {
    "executedQueryString": "Expr: \nStep: 0s"
}
Name: {level="info", location="moon", protocol="http"}
Dimensions: 2 Fields by 2 Rows
+---------------------------------+--------------------------------------------------+
| Name: time                      | Name: value                                      |
| Labels:                         | Labels: level=info, location=moon, protocol=http |
| Type: []time.Time               | Type: []float64                                  |
+---------------------------------+--------------------------------------------------+
| 2022-01-24 10:53:31.9 +0000 UTC | +Inf                                             |
| 2022-01-24 10:58:31.9 +0000 UTC | -Inf                                             |
+---------------------------------+--------------------------------------------------+


====== TEST DATA RESPONSE (arrow base64) ======
FRAME=QVJST1cxAAD/////0AIAABAAAAAAAAoADgAMAAsABAAKAAAAFAAAAAAAAAEEAAoADAAAAAgABAAKAAAACAAAAMwAAAADAAAAfAAAACgAAAAEAAAAwP3//wgAAAAMAAAAAAAAAAAAAAAFAAAAcmVmSWQAAADg/f//CAAAADwAAAAwAAAAe2xldmVsPSJpbmZvIiwgbG9jYXRpb249Im1vb24iLCBwcm90b2NvbD0iaHR0cCJ9AAAAAAQAAABuYW1lAAAAADD+//8IAAAANAAAACoAAAB7ImV4ZWN1dGVkUXVlcnlTdHJpbmciOiJFeHByOiBcblN0ZXA6IDBzIn0AAAQAAABtZXRhAAAAAAIAAAA8AQAABAAAAN7+//8UAAAABAEAAAQBAAAAAAADBAEAAAMAAACEAAAALAAAAAQAAACs/v//CAAAABAAAAAFAAAAdmFsdWUAAAAEAAAAbmFtZQAAAADQ/v//CAAAAEAAAAA0AAAAeyJsZXZlbCI6ImluZm8iLCJsb2NhdGlvbiI6Im1vb24iLCJwcm90b2NvbCI6Imh0dHAifQAAAAAGAAAAbGFiZWxzAAAk////CAAAAFgAAABOAAAAeyJkaXNwbGF5TmFtZUZyb21EUyI6IntsZXZlbD1cImluZm9cIiwgbG9jYXRpb249XCJtb29uXCIsIHByb3RvY29sPVwiaHR0cFwifSJ9AAAGAAAAY29uZmlnAAAAAAAAZv///wAAAgAFAAAAdmFsdWUAEgAYABQAAAATAAwAAAAIAAQAEgAAABQAAABoAAAAcAAAAAAAAApwAAAAAgAAADQAAAAEAAAA3P///wgAAAAQAAAABAAAAHRpbWUAAAAABAAAAG5hbWUAAAAACAAMAAgABAAIAAAACAAAAAwAAAACAAAAe30AAAYAAABjb25maWcAAAAAAAAAAAYACAAGAAYAAAAAAAMABAAAAHRpbWUAAAAAAAAAAP////+4AAAAFAAAAAAAAAAMABYAFAATAAwABAAMAAAAIAAAAAAAAAAUAAAAAAAAAwQACgAYAAwACAAEAAoAAAAUAAAAWAAAAAIAAAAAAAAAAAAAAAQAAAAAAAAAAAAAAAAAAAAAAAAAAAAAAAAAAAAQAAAAAAAAABAAAAAAAAAAAAAAAAAAAAAQAAAAAAAAABAAAAAAAAAAAAAAAAIAAAACAAAAAAAAAAAAAAAAAAAAAgAAAAAAAAAAAAAAAAAAAADXlm9zL80WAI/7SLkvzRYAAAAAAADwfwAAAAAAAPD/EAAAAAwAFAASAAwACAAEAAwAAAAQAAAALAAAADgAAAAAAAQAAQAAAOACAAAAAAAAwAAAAAAAAAAgAAAAAAAAAAAAAAAAAAAAAAAKAAwAAAAIAAQACgAAAAgAAADMAAAAAwAAAHwAAAAoAAAABAAAAMD9//8IAAAADAAAAAAAAAAAAAAABQAAAHJlZklkAAAA4P3//wgAAAA8AAAAMAAAAHtsZXZlbD0iaW5mbyIsIGxvY2F0aW9uPSJtb29uIiwgcHJvdG9jb2w9Imh0dHAifQAAAAAEAAAAbmFtZQAAAAAw/v//CAAAADQAAAAqAAAAeyJleGVjdXRlZFF1ZXJ5U3RyaW5nIjoiRXhwcjogXG5TdGVwOiAwcyJ9AAAEAAAAbWV0YQAAAAACAAAAPAEAAAQAAADe/v//FAAAAAQBAAAEAQAAAAAAAwQBAAADAAAAhAAAACwAAAAEAAAArP7//wgAAAAQAAAABQAAAHZhbHVlAAAABAAAAG5hbWUAAAAA0P7//wgAAABAAAAANAAAAHsibGV2ZWwiOiJpbmZvIiwibG9jYXRpb24iOiJtb29uIiwicHJvdG9jb2wiOiJodHRwIn0AAAAABgAAAGxhYmVscwAAJP///wgAAABYAAAATgAAAHsiZGlzcGxheU5hbWVGcm9tRFMiOiJ7bGV2ZWw9XCJpbmZvXCIsIGxvY2F0aW9uPVwibW9vblwiLCBwcm90b2NvbD1cImh0dHBcIn0ifQAABgAAAGNvbmZpZwAAAAAAAGb///8AAAIABQAAAHZhbHVlABIAGAAUAAAAEwAMAAAACAAEABIAAAAUAAAAaAAAAHAAAAAAAAAKcAAAAAIAAAA0AAAABAAAANz///8IAAAAEAAAAAQAAAB0aW1lAAAAAAQAAABuYW1lAAAAAAgADAAIAAQACAAAAAgAAAAMAAAAAgAAAHt9AAAGAAAAY29uZmlnAAAAAAAAAAAGAAgABgAGAAAAAAADAAQAAAB0aW1lAAAAAPgCAABBUlJPVzE=
