ðŸŒŸ This was machine generated.  Do not edit. ðŸŒŸ

Frame[0] {
    "executedQueryString": "Expr: \nStep: 0s"
}
Name: {level="error", location="moon"}
Dimensions: 2 Fields by 4 Rows
+-----------------------------------+------------------------------------+
| Name: time                        | Name: value                        |
| Labels:                           | Labels: level=error, location=moon |
| Type: []time.Time                 | Type: []float64                    |
+-----------------------------------+------------------------------------+
| 2021-12-10 08:36:06.989 +0000 UTC | 0.4                                |
| 2021-12-10 08:36:46.989 +0000 UTC | 0.2                                |
| 2021-12-10 08:36:56.989 +0000 UTC | 0.2                                |
| 2021-12-10 08:37:46.989 +0000 UTC | 0.6                                |
+-----------------------------------+------------------------------------+



Frame[1] {
    "executedQueryString": "Expr: \nStep: 0s"
}
Name: {level="info", location="mars"}
Dimensions: 2 Fields by 5 Rows
+-----------------------------------+-----------------------------------+
| Name: time                        | Name: value                       |
| Labels:                           | Labels: level=info, location=mars |
| Type: []time.Time                 | Type: []float64                   |
+-----------------------------------+-----------------------------------+
| 2021-12-10 08:36:26.989 +0000 UTC | 0.6                               |
| 2021-12-10 08:36:36.989 +0000 UTC | 0.8                               |
| 2021-12-10 08:36:46.989 +0000 UTC | 0.8                               |
| 2021-12-10 08:36:56.989 +0000 UTC | 0.8                               |
| 2021-12-10 08:37:56.989 +0000 UTC | 2.6                               |
+-----------------------------------+-----------------------------------+


====== TEST DATA RESPONSE (arrow base64) ======
FRAME=QVJST1cxAAD/////mAIAABAAAAAAAAoADgAMAAsABAAKAAAAFAAAAAAAAAEEAAoADAAAAAgABAAKAAAACAAAALwAAAADAAAAbAAAACgAAAAEAAAA9P3//wgAAAAMAAAAAAAAAAAAAAAFAAAAcmVmSWQAAAAU/v//CAAAACwAAAAgAAAAe2xldmVsPSJlcnJvciIsIGxvY2F0aW9uPSJtb29uIn0AAAAABAAAAG5hbWUAAAAAVP7//wgAAAA0AAAAKgAAAHsiZXhlY3V0ZWRRdWVyeVN0cmluZyI6IkV4cHI6IFxuU3RlcDogMHMifQAABAAAAG1ldGEAAAAAAgAAABgBAAAEAAAAAv///xQAAADgAAAA4AAAAAAAAAPgAAAAAwAAAHAAAAAsAAAABAAAAND+//8IAAAAEAAAAAUAAAB2YWx1ZQAAAAQAAABuYW1lAAAAAPT+//8IAAAALAAAACMAAAB7ImxldmVsIjoiZXJyb3IiLCJsb2NhdGlvbiI6Im1vb24ifQAGAAAAbGFiZWxzAAA0////CAAAAEgAAAA8AAAAeyJkaXNwbGF5TmFtZUZyb21EUyI6IntsZXZlbD1cImVycm9yXCIsIGxvY2F0aW9uPVwibW9vblwifSJ9AAAAAAYAAABjb25maWcAAAAAAABm////AAACAAUAAAB2YWx1ZQASABgAFAAAABMADAAAAAgABAASAAAAFAAAAGgAAABwAAAAAAAACnAAAAACAAAANAAAAAQAAADc////CAAAABAAAAAEAAAAdGltZQAAAAAEAAAAbmFtZQAAAAAIAAwACAAEAAgAAAAIAAAADAAAAAIAAAB7fQAABgAAAGNvbmZpZwAAAAAAAAAABgAIAAYABgAAAAAAAwAEAAAAdGltZQAAAAD/////uAAAABQAAAAAAAAADAAWABQAEwAMAAQADAAAAEAAAAAAAAAAFAAAAAAAAAMEAAoAGAAMAAgABAAKAAAAFAAAAFgAAAAEAAAAAAAAAAAAAAAEAAAAAAAAAAAAAAAAAAAAAAAAAAAAAAAAAAAAIAAAAAAAAAAgAAAAAAAAAAAAAAAAAAAAIAAAAAAAAAAgAAAAAAAAAAAAAAACAAAABAAAAAAAAAAAAAAAAAAAAAQAAAAAAAAAAAAAAAAAAABADbY51le/FkCd5YnfV78WQIHx3eFXvxZA9SyC7Ve/FpqZmZmZmdk/mpmZmZmZyT+amZmZmZnJPzMzMzMzM+M/EAAAAAwAFAASAAwACAAEAAwAAAAQAAAALAAAADwAAAAAAAQAAQAAAKgCAAAAAAAAwAAAAAAAAABAAAAAAAAAAAAAAAAAAAAAAAAAAAAACgAMAAAACAAEAAoAAAAIAAAAvAAAAAMAAABsAAAAKAAAAAQAAAD0/f//CAAAAAwAAAAAAAAAAAAAAAUAAAByZWZJZAAAABT+//8IAAAALAAAACAAAAB7bGV2ZWw9ImVycm9yIiwgbG9jYXRpb249Im1vb24ifQAAAAAEAAAAbmFtZQAAAABU/v//CAAAADQAAAAqAAAAeyJleGVjdXRlZFF1ZXJ5U3RyaW5nIjoiRXhwcjogXG5TdGVwOiAwcyJ9AAAEAAAAbWV0YQAAAAACAAAAGAEAAAQAAAAC////FAAAAOAAAADgAAAAAAAAA+AAAAADAAAAcAAAACwAAAAEAAAA0P7//wgAAAAQAAAABQAAAHZhbHVlAAAABAAAAG5hbWUAAAAA9P7//wgAAAAsAAAAIwAAAHsibGV2ZWwiOiJlcnJvciIsImxvY2F0aW9uIjoibW9vbiJ9AAYAAABsYWJlbHMAADT///8IAAAASAAAADwAAAB7ImRpc3BsYXlOYW1lRnJvbURTIjoie2xldmVsPVwiZXJyb3JcIiwgbG9jYXRpb249XCJtb29uXCJ9In0AAAAABgAAAGNvbmZpZwAAAAAAAGb///8AAAIABQAAAHZhbHVlABIAGAAUAAAAEwAMAAAACAAEABIAAAAUAAAAaAAAAHAAAAAAAAAKcAAAAAIAAAA0AAAABAAAANz///8IAAAAEAAAAAQAAAB0aW1lAAAAAAQAAABuYW1lAAAAAAgADAAIAAQACAAAAAgAAAAMAAAAAgAAAHt9AAAGAAAAY29uZmlnAAAAAAAAAAAGAAgABgAGAAAAAAADAAQAAAB0aW1lAAAAAMgCAABBUlJPVzE=
FRAME=QVJST1cxAAD/////kAIAABAAAAAAAAoADgAMAAsABAAKAAAAFAAAAAAAAAEEAAoADAAAAAgABAAKAAAACAAAALgAAAADAAAAaAAAACgAAAAEAAAA/P3//wgAAAAMAAAAAAAAAAAAAAAFAAAAcmVmSWQAAAAc/v//CAAAACgAAAAfAAAAe2xldmVsPSJpbmZvIiwgbG9jYXRpb249Im1hcnMifQAEAAAAbmFtZQAAAABY/v//CAAAADQAAAAqAAAAeyJleGVjdXRlZFF1ZXJ5U3RyaW5nIjoiRXhwcjogXG5TdGVwOiAwcyJ9AAAEAAAAbWV0YQAAAAACAAAAFAEAAAQAAAAG////FAAAANwAAADcAAAAAAAAA9wAAAADAAAAcAAAACwAAAAEAAAA1P7//wgAAAAQAAAABQAAAHZhbHVlAAAABAAAAG5hbWUAAAAA+P7//wgAAAAsAAAAIgAAAHsibGV2ZWwiOiJpbmZvIiwibG9jYXRpb24iOiJtYXJzIn0AAAYAAABsYWJlbHMAADj///8IAAAARAAAADsAAAB7ImRpc3BsYXlOYW1lRnJvbURTIjoie2xldmVsPVwiaW5mb1wiLCBsb2NhdGlvbj1cIm1hcnNcIn0ifQAGAAAAY29uZmlnAAAAAAAAZv///wAAAgAFAAAAdmFsdWUAEgAYABQAAAATAAwAAAAIAAQAEgAAABQAAABoAAAAcAAAAAAAAApwAAAAAgAAADQAAAAEAAAA3P///wgAAAAQAAAABAAAAHRpbWUAAAAABAAAAG5hbWUAAAAACAAMAAgABAAIAAAACAAAAAwAAAACAAAAe30AAAYAAABjb25maWcAAAAAAAAAAAYACAAGAAYAAAAAAAMABAAAAHRpbWUAAAAA/////7gAAAAUAAAAAAAAAAwAFgAUABMADAAEAAwAAABQAAAAAAAAABQAAAAAAAADBAAKABgADAAIAAQACgAAABQAAABYAAAABQAAAAAAAAAAAAAABAAAAAAAAAAAAAAAAAAAAAAAAAAAAAAAAAAAACgAAAAAAAAAKAAAAAAAAAAAAAAAAAAAACgAAAAAAAAAKAAAAAAAAAAAAAAAAgAAAAUAAAAAAAAAAAAAAAAAAAAFAAAAAAAAAAAAAAAAAAAAQNXN4dpXvxZAudk13Ve/FkCd5YnfV78WQIHx3eFXvxZA2TjW71e/FjMzMzMzM+M/mpmZmZmZ6T+amZmZmZnpP5qZmZmZmek/zczMzMzMBEAQAAAADAAUABIADAAIAAQADAAAABAAAAAsAAAAPAAAAAAABAABAAAAoAIAAAAAAADAAAAAAAAAAFAAAAAAAAAAAAAAAAAAAAAAAAAAAAAKAAwAAAAIAAQACgAAAAgAAAC4AAAAAwAAAGgAAAAoAAAABAAAAPz9//8IAAAADAAAAAAAAAAAAAAABQAAAHJlZklkAAAAHP7//wgAAAAoAAAAHwAAAHtsZXZlbD0iaW5mbyIsIGxvY2F0aW9uPSJtYXJzIn0ABAAAAG5hbWUAAAAAWP7//wgAAAA0AAAAKgAAAHsiZXhlY3V0ZWRRdWVyeVN0cmluZyI6IkV4cHI6IFxuU3RlcDogMHMifQAABAAAAG1ldGEAAAAAAgAAABQBAAAEAAAABv///xQAAADcAAAA3AAAAAAAAAPcAAAAAwAAAHAAAAAsAAAABAAAANT+//8IAAAAEAAAAAUAAAB2YWx1ZQAAAAQAAABuYW1lAAAAAPj+//8IAAAALAAAACIAAAB7ImxldmVsIjoiaW5mbyIsImxvY2F0aW9uIjoibWFycyJ9AAAGAAAAbGFiZWxzAAA4////CAAAAEQAAAA7AAAAeyJkaXNwbGF5TmFtZUZyb21EUyI6IntsZXZlbD1cImluZm9cIiwgbG9jYXRpb249XCJtYXJzXCJ9In0ABgAAAGNvbmZpZwAAAAAAAGb///8AAAIABQAAAHZhbHVlABIAGAAUAAAAEwAMAAAACAAEABIAAAAUAAAAaAAAAHAAAAAAAAAKcAAAAAIAAAA0AAAABAAAANz///8IAAAAEAAAAAQAAAB0aW1lAAAAAAQAAABuYW1lAAAAAAgADAAIAAQACAAAAAgAAAAMAAAAAgAAAHt9AAAGAAAAY29uZmlnAAAAAAAAAAAGAAgABgAGAAAAAAADAAQAAAB0aW1lAAAAAMACAABBUlJPVzE=
