ðŸŒŸ This was machine generated.  Do not edit. ðŸŒŸ

Frame[0] {
    "executedQueryString": "Expr: \nStep: 0s"
}
Name: {level="error"}
Dimensions: 2 Fields by 4 Rows
+-----------------------------------+---------------------+
| Name: time                        | Name: value         |
| Labels:                           | Labels: level=error |
| Type: []time.Time                 | Type: []float64     |
+-----------------------------------+---------------------+
| 2021-12-10 08:36:06.511 +0000 UTC | 0.4                 |
| 2021-12-10 08:36:46.512 +0000 UTC | 0.2                 |
| 2021-12-10 08:36:56.513 +0000 UTC | 0.2                 |
| 2021-12-10 08:37:46.514 +0000 UTC | 0.6                 |
+-----------------------------------+---------------------+


====== TEST DATA RESPONSE (arrow base64) ======
FRAME=QVJST1cxAAD/////YAIAABAAAAAAAAoADgAMAAsABAAKAAAAFAAAAAAAAAEEAAoADAAAAAgABAAKAAAACAAAAKgAAAADAAAAWAAAACgAAAAEAAAALP7//wgAAAAMAAAAAAAAAAAAAAAFAAAAcmVmSWQAAABM/v//CAAAABgAAAAPAAAAe2xldmVsPSJlcnJvciJ9AAQAAABuYW1lAAAAAHj+//8IAAAANAAAACoAAAB7ImV4ZWN1dGVkUXVlcnlTdHJpbmciOiJFeHByOiBcblN0ZXA6IDBzIn0AAAQAAABtZXRhAAAAAAIAAAD0AAAABAAAACb///8UAAAAvAAAALwAAAAAAAADvAAAAAMAAABgAAAALAAAAAQAAAD0/v//CAAAABAAAAAFAAAAdmFsdWUAAAAEAAAAbmFtZQAAAAAY////CAAAABwAAAARAAAAeyJsZXZlbCI6ImVycm9yIn0AAAAGAAAAbGFiZWxzAABI////CAAAADQAAAApAAAAeyJkaXNwbGF5TmFtZUZyb21EUyI6IntsZXZlbD1cImVycm9yXCJ9In0AAAAGAAAAY29uZmlnAAAAAAAAZv///wAAAgAFAAAAdmFsdWUAEgAYABQAAAATAAwAAAAIAAQAEgAAABQAAABoAAAAcAAAAAAAAApwAAAAAgAAADQAAAAEAAAA3P///wgAAAAQAAAABAAAAHRpbWUAAAAABAAAAG5hbWUAAAAACAAMAAgABAAIAAAACAAAAAwAAAACAAAAe30AAAYAAABjb25maWcAAAAAAAAAAAYACAAGAAYAAAAAAAMABAAAAHRpbWUAAAAA/////7gAAAAUAAAAAAAAAAwAFgAUABMADAAEAAwAAABAAAAAAAAAABQAAAAAAAADBAAKABgADAAIAAQACgAAABQAAABYAAAABAAAAAAAAAAAAAAABAAAAAAAAAAAAAAAAAAAAAAAAAAAAAAAAAAAACAAAAAAAAAAIAAAAAAAAAAAAAAAAAAAACAAAAAAAAAAIAAAAAAAAAAAAAAAAgAAAAQAAAAAAAAAAAAAAAAAAAAEAAAAAAAAAAAAAAAAAAAAwFk4HdZXvxYALHdt31e/FkBSksHhV78WgAjdZe1XvxaamZmZmZnZP5qZmZmZmck/mpmZmZmZyT8zMzMzMzPjPxAAAAAMABQAEgAMAAgABAAMAAAAEAAAACwAAAA8AAAAAAAEAAEAAABwAgAAAAAAAMAAAAAAAAAAQAAAAAAAAAAAAAAAAAAAAAAAAAAAAAoADAAAAAgABAAKAAAACAAAAKgAAAADAAAAWAAAACgAAAAEAAAALP7//wgAAAAMAAAAAAAAAAAAAAAFAAAAcmVmSWQAAABM/v//CAAAABgAAAAPAAAAe2xldmVsPSJlcnJvciJ9AAQAAABuYW1lAAAAAHj+//8IAAAANAAAACoAAAB7ImV4ZWN1dGVkUXVlcnlTdHJpbmciOiJFeHByOiBcblN0ZXA6IDBzIn0AAAQAAABtZXRhAAAAAAIAAAD0AAAABAAAACb///8UAAAAvAAAALwAAAAAAAADvAAAAAMAAABgAAAALAAAAAQAAAD0/v//CAAAABAAAAAFAAAAdmFsdWUAAAAEAAAAbmFtZQAAAAAY////CAAAABwAAAARAAAAeyJsZXZlbCI6ImVycm9yIn0AAAAGAAAAbGFiZWxzAABI////CAAAADQAAAApAAAAeyJkaXNwbGF5TmFtZUZyb21EUyI6IntsZXZlbD1cImVycm9yXCJ9In0AAAAGAAAAY29uZmlnAAAAAAAAZv///wAAAgAFAAAAdmFsdWUAEgAYABQAAAATAAwAAAAIAAQAEgAAABQAAABoAAAAcAAAAAAAAApwAAAAAgAAADQAAAAEAAAA3P///wgAAAAQAAAABAAAAHRpbWUAAAAABAAAAG5hbWUAAAAACAAMAAgABAAIAAAACAAAAAwAAAACAAAAe30AAAYAAABjb25maWcAAAAAAAAAAAYACAAGAAYAAAAAAAMABAAAAHRpbWUAAAAAkAIAAEFSUk9XMQ==
