ðŸŒŸ This was machine generated.  Do not edit. ðŸŒŸ

Frame[0] {
    "executedQueryString": "Expr: \nStep: 0s"
}
Name: {}
Dimensions: 2 Fields by 2 Rows
+-----------------------------------+-----------------+
| Name: time                        | Name: value     |
| Labels:                           | Labels:         |
| Type: []time.Time                 | Type: []float64 |
+-----------------------------------+-----------------+
| 2022-01-24 08:54:10.417 +0000 UTC | NaN             |
| 2022-01-24 08:59:10.417 +0000 UTC | NaN             |
+-----------------------------------+-----------------+


====== TEST DATA RESPONSE (arrow base64) ======
FRAME=QVJST1cxAAD/////OAIAABAAAAAAAAoADgAMAAsABAAKAAAAFAAAAAAAAAEEAAoADAAAAAgABAAKAAAACAAAAJwAAAADAAAATAAAACgAAAAEAAAAWP7//wgAAAAMAAAAAAAAAAAAAAAFAAAAcmVmSWQAAAB4/v//CAAAAAwAAAACAAAAe30AAAQAAABuYW1lAAAAAJj+//8IAAAANAAAACoAAAB7ImV4ZWN1dGVkUXVlcnlTdHJpbmciOiJFeHByOiBcblN0ZXA6IDBzIn0AAAQAAABtZXRhAAAAAAIAAADUAAAABAAAAEb///8UAAAAnAAAAJwAAAAAAAADnAAAAAMAAABQAAAALAAAAAQAAAAU////CAAAABAAAAAFAAAAdmFsdWUAAAAEAAAAbmFtZQAAAAA4////CAAAAAwAAAACAAAAe30AAAYAAABsYWJlbHMAAFj///8IAAAAJAAAABoAAAB7ImRpc3BsYXlOYW1lRnJvbURTIjoie30ifQAABgAAAGNvbmZpZwAAAAAAAGb///8AAAIABQAAAHZhbHVlABIAGAAUAAAAEwAMAAAACAAEABIAAAAUAAAAaAAAAHAAAAAAAAAKcAAAAAIAAAA0AAAABAAAANz///8IAAAAEAAAAAQAAAB0aW1lAAAAAAQAAABuYW1lAAAAAAgADAAIAAQACAAAAAgAAAAMAAAAAgAAAHt9AAAGAAAAY29uZmlnAAAAAAAAAAAGAAgABgAGAAAAAAADAAQAAAB0aW1lAAAAAAAAAAD/////uAAAABQAAAAAAAAADAAWABQAEwAMAAQADAAAACAAAAAAAAAAFAAAAAAAAAMEAAoAGAAMAAgABAAKAAAAFAAAAFgAAAACAAAAAAAAAAAAAAAEAAAAAAAAAAAAAAAAAAAAAAAAAAAAAAAAAAAAEAAAAAAAAAAQAAAAAAAAAAAAAAAAAAAAEAAAAAAAAAAQAAAAAAAAAAAAAAACAAAAAgAAAAAAAAAAAAAAAAAAAAIAAAAAAAAAAAAAAAAAAABAXvAF8CjNFkAWVd81Kc0WAQAAAAAA+H8BAAAAAAD4fxAAAAAMABQAEgAMAAgABAAMAAAAEAAAACwAAAA4AAAAAAAEAAEAAABIAgAAAAAAAMAAAAAAAAAAIAAAAAAAAAAAAAAAAAAAAAAACgAMAAAACAAEAAoAAAAIAAAAnAAAAAMAAABMAAAAKAAAAAQAAABY/v//CAAAAAwAAAAAAAAAAAAAAAUAAAByZWZJZAAAAHj+//8IAAAADAAAAAIAAAB7fQAABAAAAG5hbWUAAAAAmP7//wgAAAA0AAAAKgAAAHsiZXhlY3V0ZWRRdWVyeVN0cmluZyI6IkV4cHI6IFxuU3RlcDogMHMifQAABAAAAG1ldGEAAAAAAgAAANQAAAAEAAAARv///xQAAACcAAAAnAAAAAAAAAOcAAAAAwAAAFAAAAAsAAAABAAAABT///8IAAAAEAAAAAUAAAB2YWx1ZQAAAAQAAABuYW1lAAAAADj///8IAAAADAAAAAIAAAB7fQAABgAAAGxhYmVscwAAWP///wgAAAAkAAAAGgAAAHsiZGlzcGxheU5hbWVGcm9tRFMiOiJ7fSJ9AAAGAAAAY29uZmlnAAAAAAAAZv///wAAAgAFAAAAdmFsdWUAEgAYABQAAAATAAwAAAAIAAQAEgAAABQAAABoAAAAcAAAAAAAAApwAAAAAgAAADQAAAAEAAAA3P///wgAAAAQAAAABAAAAHRpbWUAAAAABAAAAG5hbWUAAAAACAAMAAgABAAIAAAACAAAAAwAAAACAAAAe30AAAYAAABjb25maWcAAAAAAAAAAAYACAAGAAYAAAAAAAMABAAAAHRpbWUAAAAAYAIAAEFSUk9XMQ==
