ðŸŒŸ This was machine generated.  Do not edit. ðŸŒŸ

Frame[0] {
    "preferredVisualisationType": "logs",
    "executedQueryString": "Expr: query1"
}
Name: {level="error", location="moon"}
Dimensions: 2 Fields by 1 Rows
+----------------------------------------+------------------------------------+
| Name: time                             | Name: value                        |
| Labels:                                | Labels: level=error, location=moon |
| Type: []time.Time                      | Type: []string                     |
+----------------------------------------+------------------------------------+
| 2022-02-16 16:50:44.81075712 +0000 UTC | log line error 1                   |
+----------------------------------------+------------------------------------+



Frame[1] {
    "preferredVisualisationType": "logs",
    "executedQueryString": "Expr: query1"
}
Name: {level="info", location="moon"}
Dimensions: 2 Fields by 4 Rows
+-----------------------------------------+-----------------------------------+
| Name: time                              | Name: value                       |
| Labels:                                 | Labels: level=info, location=moon |
| Type: []time.Time                       | Type: []string                    |
+-----------------------------------------+-----------------------------------+
| 2022-02-16 16:50:47.02773504 +0000 UTC  | log line info 1                   |
| 2022-02-16 16:50:46.277587968 +0000 UTC | log line info 2                   |
| 2022-02-16 16:50:45.539423744 +0000 UTC | log line info 3                   |
| 2022-02-16 16:50:44.091700992 +0000 UTC | log line info 4                   |
+-----------------------------------------+-----------------------------------+


====== TEST DATA RESPONSE (arrow base64) ======
FRAME=QVJST1cxAAD/////mAIAABAAAAAAAAoADgAMAAsABAAKAAAAFAAAAAAAAAEEAAoADAAAAAgABAAKAAAACAAAANwAAAADAAAAbAAAACgAAAAEAAAA/P3//wgAAAAMAAAAAAAAAAAAAAAFAAAAcmVmSWQAAAAc/v//CAAAACwAAAAgAAAAe2xldmVsPSJlcnJvciIsIGxvY2F0aW9uPSJtb29uIn0AAAAABAAAAG5hbWUAAAAAXP7//wgAAABUAAAASgAAAHsicHJlZmVycmVkVmlzdWFsaXNhdGlvblR5cGUiOiJsb2dzIiwiZXhlY3V0ZWRRdWVyeVN0cmluZyI6IkV4cHI6IHF1ZXJ5MSJ9AAAEAAAAbWV0YQAAAAACAAAAGAEAAAQAAAAC////FAAAAOAAAADkAAAAAAAABeAAAAADAAAAcAAAACwAAAAEAAAA+P7//wgAAAAQAAAABQAAAHZhbHVlAAAABAAAAG5hbWUAAAAAHP///wgAAAAsAAAAIwAAAHsibGV2ZWwiOiJlcnJvciIsImxvY2F0aW9uIjoibW9vbiJ9AAYAAABsYWJlbHMAAFz///8IAAAASAAAADwAAAB7ImRpc3BsYXlOYW1lRnJvbURTIjoie2xldmVsPVwiZXJyb3JcIiwgbG9jYXRpb249XCJtb29uXCJ9In0AAAAABgAAAGNvbmZpZwAAAAAAAAQABAAEAAAABQAAAHZhbHVlABIAGAAUAAAAEwAMAAAACAAEABIAAAAUAAAARAAAAEwAAAAAAAAKTAAAAAEAAAAMAAAACAAMAAgABAAIAAAACAAAABAAAAAEAAAAdGltZQAAAAAEAAAAbmFtZQAAAAAAAAAAAAAGAAgABgAGAAAAAAADAAQAAAB0aW1lAAAAAAAAAAD/////yAAAABQAAAAAAAAADAAWABQAEwAMAAQADAAAACAAAAAAAAAAFAAAAAAAAAMEAAoAGAAMAAgABAAKAAAAFAAAAGgAAAABAAAAAAAAAAAAAAAFAAAAAAAAAAAAAAAAAAAAAAAAAAAAAAAAAAAACAAAAAAAAAAIAAAAAAAAAAAAAAAAAAAACAAAAAAAAAAIAAAAAAAAABAAAAAAAAAAEAAAAAAAAAAAAAAAAgAAAAEAAAAAAAAAAAAAAAAAAAABAAAAAAAAAAAAAAAAAAAAABS4ukpS1BYAAAAAEAAAAGxvZyBsaW5lIGVycm9yIDEQAAAADAAUABIADAAIAAQADAAAABAAAAAsAAAAOAAAAAAABAABAAAAqAIAAAAAAADQAAAAAAAAACAAAAAAAAAAAAAAAAAAAAAAAAoADAAAAAgABAAKAAAACAAAANwAAAADAAAAbAAAACgAAAAEAAAA/P3//wgAAAAMAAAAAAAAAAAAAAAFAAAAcmVmSWQAAAAc/v//CAAAACwAAAAgAAAAe2xldmVsPSJlcnJvciIsIGxvY2F0aW9uPSJtb29uIn0AAAAABAAAAG5hbWUAAAAAXP7//wgAAABUAAAASgAAAHsicHJlZmVycmVkVmlzdWFsaXNhdGlvblR5cGUiOiJsb2dzIiwiZXhlY3V0ZWRRdWVyeVN0cmluZyI6IkV4cHI6IHF1ZXJ5MSJ9AAAEAAAAbWV0YQAAAAACAAAAGAEAAAQAAAAC////FAAAAOAAAADkAAAAAAAABeAAAAADAAAAcAAAACwAAAAEAAAA+P7//wgAAAAQAAAABQAAAHZhbHVlAAAABAAAAG5hbWUAAAAAHP///wgAAAAsAAAAIwAAAHsibGV2ZWwiOiJlcnJvciIsImxvY2F0aW9uIjoibW9vbiJ9AAYAAABsYWJlbHMAAFz///8IAAAASAAAADwAAAB7ImRpc3BsYXlOYW1lRnJvbURTIjoie2xldmVsPVwiZXJyb3JcIiwgbG9jYXRpb249XCJtb29uXCJ9In0AAAAABgAAAGNvbmZpZwAAAAAAAAQABAAEAAAABQAAAHZhbHVlABIAGAAUAAAAEwAMAAAACAAEABIAAAAUAAAARAAAAEwAAAAAAAAKTAAAAAEAAAAMAAAACAAMAAgABAAIAAAACAAAABAAAAAEAAAAdGltZQAAAAAEAAAAbmFtZQAAAAAAAAAAAAAGAAgABgAGAAAAAAADAAQAAAB0aW1lAAAAAMACAABBUlJPVzE=
FRAME=QVJST1cxAAD/////kAIAABAAAAAAAAoADgAMAAsABAAKAAAAFAAAAAAAAAEEAAoADAAAAAgABAAKAAAACAAAANgAAAADAAAAaAAAACgAAAAEAAAABP7//wgAAAAMAAAAAAAAAAAAAAAFAAAAcmVmSWQAAAAk/v//CAAAACgAAAAfAAAAe2xldmVsPSJpbmZvIiwgbG9jYXRpb249Im1vb24ifQAEAAAAbmFtZQAAAABg/v//CAAAAFQAAABKAAAAeyJwcmVmZXJyZWRWaXN1YWxpc2F0aW9uVHlwZSI6ImxvZ3MiLCJleGVjdXRlZFF1ZXJ5U3RyaW5nIjoiRXhwcjogcXVlcnkxIn0AAAQAAABtZXRhAAAAAAIAAAAUAQAABAAAAAb///8UAAAA3AAAAOAAAAAAAAAF3AAAAAMAAABwAAAALAAAAAQAAAD8/v//CAAAABAAAAAFAAAAdmFsdWUAAAAEAAAAbmFtZQAAAAAg////CAAAACwAAAAiAAAAeyJsZXZlbCI6ImluZm8iLCJsb2NhdGlvbiI6Im1vb24ifQAABgAAAGxhYmVscwAAYP///wgAAABEAAAAOwAAAHsiZGlzcGxheU5hbWVGcm9tRFMiOiJ7bGV2ZWw9XCJpbmZvXCIsIGxvY2F0aW9uPVwibW9vblwifSJ9AAYAAABjb25maWcAAAAAAAAEAAQABAAAAAUAAAB2YWx1ZQASABgAFAAAABMADAAAAAgABAASAAAAFAAAAEQAAABMAAAAAAAACkwAAAABAAAADAAAAAgADAAIAAQACAAAAAgAAAAQAAAABAAAAHRpbWUAAAAABAAAAG5hbWUAAAAAAAAAAAAABgAIAAYABgAAAAAAAwAEAAAAdGltZQAAAAAAAAAA/////8gAAAAUAAAAAAAAAAwAFgAUABMADAAEAAwAAAB4AAAAAAAAABQAAAAAAAADBAAKABgADAAIAAQACgAAABQAAABoAAAABAAAAAAAAAAAAAAABQAAAAAAAAAAAAAAAAAAAAAAAAAAAAAAAAAAACAAAAAAAAAAIAAAAAAAAAAAAAAAAAAAACAAAAAAAAAAFAAAAAAAAAA4AAAAAAAAADwAAAAAAAAAAAAAAAIAAAAEAAAAAAAAAAAAAAAAAAAABAAAAAAAAAAAAAAAAAAAAAB63D5LUtQWACQmEktS1BYApibmSlLUFgAn3I9KUtQWAAAAAA8AAAAeAAAALQAAADwAAAAAAAAAbG9nIGxpbmUgaW5mbyAxbG9nIGxpbmUgaW5mbyAybG9nIGxpbmUgaW5mbyAzbG9nIGxpbmUgaW5mbyA0AAAAABAAAAAMABQAEgAMAAgABAAMAAAAEAAAACwAAAA4AAAAAAAEAAEAAACgAgAAAAAAANAAAAAAAAAAeAAAAAAAAAAAAAAAAAAAAAAACgAMAAAACAAEAAoAAAAIAAAA2AAAAAMAAABoAAAAKAAAAAQAAAAE/v//CAAAAAwAAAAAAAAAAAAAAAUAAAByZWZJZAAAACT+//8IAAAAKAAAAB8AAAB7bGV2ZWw9ImluZm8iLCBsb2NhdGlvbj0ibW9vbiJ9AAQAAABuYW1lAAAAAGD+//8IAAAAVAAAAEoAAAB7InByZWZlcnJlZFZpc3VhbGlzYXRpb25UeXBlIjoibG9ncyIsImV4ZWN1dGVkUXVlcnlTdHJpbmciOiJFeHByOiBxdWVyeTEifQAABAAAAG1ldGEAAAAAAgAAABQBAAAEAAAABv///xQAAADcAAAA4AAAAAAAAAXcAAAAAwAAAHAAAAAsAAAABAAAAPz+//8IAAAAEAAAAAUAAAB2YWx1ZQAAAAQAAABuYW1lAAAAACD///8IAAAALAAAACIAAAB7ImxldmVsIjoiaW5mbyIsImxvY2F0aW9uIjoibW9vbiJ9AAAGAAAAbGFiZWxzAABg////CAAAAEQAAAA7AAAAeyJkaXNwbGF5TmFtZUZyb21EUyI6IntsZXZlbD1cImluZm9cIiwgbG9jYXRpb249XCJtb29uXCJ9In0ABgAAAGNvbmZpZwAAAAAAAAQABAAEAAAABQAAAHZhbHVlABIAGAAUAAAAEwAMAAAACAAEABIAAAAUAAAARAAAAEwAAAAAAAAKTAAAAAEAAAAMAAAACAAMAAgABAAIAAAACAAAABAAAAAEAAAAdGltZQAAAAAEAAAAbmFtZQAAAAAAAAAAAAAGAAgABgAGAAAAAAADAAQAAAB0aW1lAAAAALgCAABBUlJPVzE=
