// Jest Snapshot v1, https://goo.gl/fbAQLP

exports[`Render should render component 1`] = `
<Modal
  isOpen={true}
  onClickBackdrop={[MockFunction]}
  onDismiss={[MockFunction]}
  title="API Key Created"
>
  <VerticalGroup
    spacing="md"
  >
    <HorizontalGroup
      spacing="sm"
    >
      <span
        className="css-ypoxjz"
      >
        Key
      </span>
      <span
        className="css-ypoxjz"
      >
        api key test
      </span>
    </HorizontalGroup>
    <Alert
      severity="info"
      title="You will only be able to view this key here once! It is not stored in this form, so be sure to copy it now."
    >
      <p>
        You can authenticate a request using the Authorization HTTP header, example:
      </p>
      <pre
        className="css-omfua5"
      >
        curl -H "Authorization: Bearer 
        api key test
        " 
        test/path
        /api/dashboards/home
      </pre>
    </Alert>
  </VerticalGroup>
</Modal>
`;
