ðŸŒŸ This was machine generated.  Do not edit. ðŸŒŸ

Frame[0] {
    "type": "timeseries-many",
    "custom": {
        "resultType": "range"
    },
    "executedQueryString": "Expr: \nStep: 15s"
}
Name: {code="200", handler="/api/v1/query_range", job="prometheus"}
Dimensions: 2 Fields by 3 Rows
+-----------------------------------+---------------------------------------------------------------+
| Name: Time                        | Name: prometheus_http_requests_total                          |
| Labels:                           | Labels: code=200, handler=/api/v1/query_range, job=prometheus |
| Type: []time.Time                 | Type: []float64                                               |
+-----------------------------------+---------------------------------------------------------------+
| 2022-01-11 08:25:30.123 +0000 UTC | 21                                                            |
| 2022-01-11 08:25:31.123 +0000 UTC | 32                                                            |
| 2022-01-11 08:25:32.123 +0000 UTC | 43                                                            |
+-----------------------------------+---------------------------------------------------------------+



Frame[1] {
    "type": "timeseries-many",
    "custom": {
        "resultType": "range"
    },
    "executedQueryString": "Expr: \nStep: 15s"
}
Name: {code="400", handler="/api/v1/query_range", job="prometheus"}
Dimensions: 2 Fields by 3 Rows
+-----------------------------------+---------------------------------------------------------------+
| Name: Time                        | Name: prometheus_http_requests_total                          |
| Labels:                           | Labels: code=400, handler=/api/v1/query_range, job=prometheus |
| Type: []time.Time                 | Type: []float64                                               |
+-----------------------------------+---------------------------------------------------------------+
| 2022-01-11 08:25:30.123 +0000 UTC | 54                                                            |
| 2022-01-11 08:25:31.123 +0000 UTC | 65                                                            |
| 2022-01-11 08:25:32.123 +0000 UTC | 76                                                            |
+-----------------------------------+---------------------------------------------------------------+


====== TEST DATA RESPONSE (arrow base64) ======
FRAME=QVJST1cxAAD/////cAMAABAAAAAAAAoADgAMAAsABAAKAAAAFAAAAAAAAAEEAAoADAAAAAgABAAKAAAACAAAABQBAAADAAAAiAAAACgAAAAEAAAALP3//wgAAAAMAAAAAAAAAAAAAAAFAAAAcmVmSWQAAABM/f//CAAAAEgAAAA9AAAAe2NvZGU9IjIwMCIsIGhhbmRsZXI9Ii9hcGkvdjEvcXVlcnlfcmFuZ2UiLCBqb2I9InByb21ldGhldXMifQAAAAQAAABuYW1lAAAAAKj9//8IAAAAcAAAAGQAAAB7InR5cGUiOiJ0aW1lc2VyaWVzLW1hbnkiLCJjdXN0b20iOnsicmVzdWx0VHlwZSI6InJhbmdlIn0sImV4ZWN1dGVkUXVlcnlTdHJpbmciOiJFeHByOiBcblN0ZXA6IDE1cyJ9AAAAAAQAAABtZXRhAAAAAAIAAACIAQAABAAAAJL+//8UAAAANAEAADQBAAAAAAADNAEAAAMAAACoAAAARAAAAAQAAABg/v//CAAAACgAAAAeAAAAcHJvbWV0aGV1c19odHRwX3JlcXVlc3RzX3RvdGFsAAAEAAAAbmFtZQAAAACc/v//CAAAAEwAAABBAAAAeyJjb2RlIjoiMjAwIiwiaGFuZGxlciI6Ii9hcGkvdjEvcXVlcnlfcmFuZ2UiLCJqb2IiOiJwcm9tZXRoZXVzIn0AAAAGAAAAbGFiZWxzAAD8/v//CAAAAGQAAABbAAAAeyJkaXNwbGF5TmFtZUZyb21EUyI6Intjb2RlPVwiMjAwXCIsIGhhbmRsZXI9XCIvYXBpL3YxL3F1ZXJ5X3JhbmdlXCIsIGpvYj1cInByb21ldGhldXNcIn0ifQAGAAAAY29uZmlnAAAAAAAAOv///wAAAgAeAAAAcHJvbWV0aGV1c19odHRwX3JlcXVlc3RzX3RvdGFsAAAAABIAGAAUAAAAEwAMAAAACAAEABIAAAAUAAAAeAAAAIAAAAAAAAAKgAAAAAIAAAA0AAAABAAAANz///8IAAAAEAAAAAQAAABUaW1lAAAAAAQAAABuYW1lAAAAAAgADAAIAAQACAAAAAgAAAAcAAAAEgAAAHsiaW50ZXJ2YWwiOjE1MDAwfQAABgAAAGNvbmZpZwAAAAAAAAAABgAIAAYABgAAAAAAAwAEAAAAVGltZQAAAAD/////uAAAABQAAAAAAAAADAAWABQAEwAMAAQADAAAADAAAAAAAAAAFAAAAAAAAAMEAAoAGAAMAAgABAAKAAAAFAAAAFgAAAADAAAAAAAAAAAAAAAEAAAAAAAAAAAAAAAAAAAAAAAAAAAAAAAAAAAAGAAAAAAAAAAYAAAAAAAAAAAAAAAAAAAAGAAAAAAAAAAYAAAAAAAAAAAAAAACAAAAAwAAAAAAAAAAAAAAAAAAAAMAAAAAAAAAAAAAAAAAAADAGGob1CnJFsDiBFfUKckWwKyfktQpyRYAAAAAAAA1QAAAAAAAAEBAAAAAAACARUAQAAAADAAUABIADAAIAAQADAAAABAAAAAsAAAAPAAAAAAABAABAAAAgAMAAAAAAADAAAAAAAAAADAAAAAAAAAAAAAAAAAAAAAAAAAAAAAKAAwAAAAIAAQACgAAAAgAAAAUAQAAAwAAAIgAAAAoAAAABAAAACz9//8IAAAADAAAAAAAAAAAAAAABQAAAHJlZklkAAAATP3//wgAAABIAAAAPQAAAHtjb2RlPSIyMDAiLCBoYW5kbGVyPSIvYXBpL3YxL3F1ZXJ5X3JhbmdlIiwgam9iPSJwcm9tZXRoZXVzIn0AAAAEAAAAbmFtZQAAAACo/f//CAAAAHAAAABkAAAAeyJ0eXBlIjoidGltZXNlcmllcy1tYW55IiwiY3VzdG9tIjp7InJlc3VsdFR5cGUiOiJyYW5nZSJ9LCJleGVjdXRlZFF1ZXJ5U3RyaW5nIjoiRXhwcjogXG5TdGVwOiAxNXMifQAAAAAEAAAAbWV0YQAAAAACAAAAiAEAAAQAAACS/v//FAAAADQBAAA0AQAAAAAAAzQBAAADAAAAqAAAAEQAAAAEAAAAYP7//wgAAAAoAAAAHgAAAHByb21ldGhldXNfaHR0cF9yZXF1ZXN0c190b3RhbAAABAAAAG5hbWUAAAAAnP7//wgAAABMAAAAQQAAAHsiY29kZSI6IjIwMCIsImhhbmRsZXIiOiIvYXBpL3YxL3F1ZXJ5X3JhbmdlIiwiam9iIjoicHJvbWV0aGV1cyJ9AAAABgAAAGxhYmVscwAA/P7//wgAAABkAAAAWwAAAHsiZGlzcGxheU5hbWVGcm9tRFMiOiJ7Y29kZT1cIjIwMFwiLCBoYW5kbGVyPVwiL2FwaS92MS9xdWVyeV9yYW5nZVwiLCBqb2I9XCJwcm9tZXRoZXVzXCJ9In0ABgAAAGNvbmZpZwAAAAAAADr///8AAAIAHgAAAHByb21ldGhldXNfaHR0cF9yZXF1ZXN0c190b3RhbAAAAAASABgAFAAAABMADAAAAAgABAASAAAAFAAAAHgAAACAAAAAAAAACoAAAAACAAAANAAAAAQAAADc////CAAAABAAAAAEAAAAVGltZQAAAAAEAAAAbmFtZQAAAAAIAAwACAAEAAgAAAAIAAAAHAAAABIAAAB7ImludGVydmFsIjoxNTAwMH0AAAYAAABjb25maWcAAAAAAAAAAAYACAAGAAYAAAAAAAMABAAAAFRpbWUAAAAAoAMAAEFSUk9XMQ==
FRAME=QVJST1cxAAD/////cAMAABAAAAAAAAoADgAMAAsABAAKAAAAFAAAAAAAAAEEAAoADAAAAAgABAAKAAAACAAAABQBAAADAAAAiAAAACgAAAAEAAAALP3//wgAAAAMAAAAAAAAAAAAAAAFAAAAcmVmSWQAAABM/f//CAAAAEgAAAA9AAAAe2NvZGU9IjQwMCIsIGhhbmRsZXI9Ii9hcGkvdjEvcXVlcnlfcmFuZ2UiLCBqb2I9InByb21ldGhldXMifQAAAAQAAABuYW1lAAAAAKj9//8IAAAAcAAAAGQAAAB7InR5cGUiOiJ0aW1lc2VyaWVzLW1hbnkiLCJjdXN0b20iOnsicmVzdWx0VHlwZSI6InJhbmdlIn0sImV4ZWN1dGVkUXVlcnlTdHJpbmciOiJFeHByOiBcblN0ZXA6IDE1cyJ9AAAAAAQAAABtZXRhAAAAAAIAAACIAQAABAAAAJL+//8UAAAANAEAADQBAAAAAAADNAEAAAMAAACoAAAARAAAAAQAAABg/v//CAAAACgAAAAeAAAAcHJvbWV0aGV1c19odHRwX3JlcXVlc3RzX3RvdGFsAAAEAAAAbmFtZQAAAACc/v//CAAAAEwAAABBAAAAeyJjb2RlIjoiNDAwIiwiaGFuZGxlciI6Ii9hcGkvdjEvcXVlcnlfcmFuZ2UiLCJqb2IiOiJwcm9tZXRoZXVzIn0AAAAGAAAAbGFiZWxzAAD8/v//CAAAAGQAAABbAAAAeyJkaXNwbGF5TmFtZUZyb21EUyI6Intjb2RlPVwiNDAwXCIsIGhhbmRsZXI9XCIvYXBpL3YxL3F1ZXJ5X3JhbmdlXCIsIGpvYj1cInByb21ldGhldXNcIn0ifQAGAAAAY29uZmlnAAAAAAAAOv///wAAAgAeAAAAcHJvbWV0aGV1c19odHRwX3JlcXVlc3RzX3RvdGFsAAAAABIAGAAUAAAAEwAMAAAACAAEABIAAAAUAAAAeAAAAIAAAAAAAAAKgAAAAAIAAAA0AAAABAAAANz///8IAAAAEAAAAAQAAABUaW1lAAAAAAQAAABuYW1lAAAAAAgADAAIAAQACAAAAAgAAAAcAAAAEgAAAHsiaW50ZXJ2YWwiOjE1MDAwfQAABgAAAGNvbmZpZwAAAAAAAAAABgAIAAYABgAAAAAAAwAEAAAAVGltZQAAAAD/////uAAAABQAAAAAAAAADAAWABQAEwAMAAQADAAAADAAAAAAAAAAFAAAAAAAAAMEAAoAGAAMAAgABAAKAAAAFAAAAFgAAAADAAAAAAAAAAAAAAAEAAAAAAAAAAAAAAAAAAAAAAAAAAAAAAAAAAAAGAAAAAAAAAAYAAAAAAAAAAAAAAAAAAAAGAAAAAAAAAAYAAAAAAAAAAAAAAACAAAAAwAAAAAAAAAAAAAAAAAAAAMAAAAAAAAAAAAAAAAAAADAGGob1CnJFsDiBFfUKckWwKyfktQpyRYAAAAAAABLQAAAAAAAQFBAAAAAAAAAU0AQAAAADAAUABIADAAIAAQADAAAABAAAAAsAAAAPAAAAAAABAABAAAAgAMAAAAAAADAAAAAAAAAADAAAAAAAAAAAAAAAAAAAAAAAAAAAAAKAAwAAAAIAAQACgAAAAgAAAAUAQAAAwAAAIgAAAAoAAAABAAAACz9//8IAAAADAAAAAAAAAAAAAAABQAAAHJlZklkAAAATP3//wgAAABIAAAAPQAAAHtjb2RlPSI0MDAiLCBoYW5kbGVyPSIvYXBpL3YxL3F1ZXJ5X3JhbmdlIiwgam9iPSJwcm9tZXRoZXVzIn0AAAAEAAAAbmFtZQAAAACo/f//CAAAAHAAAABkAAAAeyJ0eXBlIjoidGltZXNlcmllcy1tYW55IiwiY3VzdG9tIjp7InJlc3VsdFR5cGUiOiJyYW5nZSJ9LCJleGVjdXRlZFF1ZXJ5U3RyaW5nIjoiRXhwcjogXG5TdGVwOiAxNXMifQAAAAAEAAAAbWV0YQAAAAACAAAAiAEAAAQAAACS/v//FAAAADQBAAA0AQAAAAAAAzQBAAADAAAAqAAAAEQAAAAEAAAAYP7//wgAAAAoAAAAHgAAAHByb21ldGhldXNfaHR0cF9yZXF1ZXN0c190b3RhbAAABAAAAG5hbWUAAAAAnP7//wgAAABMAAAAQQAAAHsiY29kZSI6IjQwMCIsImhhbmRsZXIiOiIvYXBpL3YxL3F1ZXJ5X3JhbmdlIiwiam9iIjoicHJvbWV0aGV1cyJ9AAAABgAAAGxhYmVscwAA/P7//wgAAABkAAAAWwAAAHsiZGlzcGxheU5hbWVGcm9tRFMiOiJ7Y29kZT1cIjQwMFwiLCBoYW5kbGVyPVwiL2FwaS92MS9xdWVyeV9yYW5nZVwiLCBqb2I9XCJwcm9tZXRoZXVzXCJ9In0ABgAAAGNvbmZpZwAAAAAAADr///8AAAIAHgAAAHByb21ldGhldXNfaHR0cF9yZXF1ZXN0c190b3RhbAAAAAASABgAFAAAABMADAAAAAgABAASAAAAFAAAAHgAAACAAAAAAAAACoAAAAACAAAANAAAAAQAAADc////CAAAABAAAAAEAAAAVGltZQAAAAAEAAAAbmFtZQAAAAAIAAwACAAEAAgAAAAIAAAAHAAAABIAAAB7ImludGVydmFsIjoxNTAwMH0AAAYAAABjb25maWcAAAAAAAAAAAYACAAGAAYAAAAAAAMABAAAAFRpbWUAAAAAoAMAAEFSUk9XMQ==
