ðŸŒŸ This was machine generated.  Do not edit. ðŸŒŸ

Frame[0] {
    "type": "timeseries-many",
    "executedQueryString": "Expr: \nStep: 15s"
}
Name: {handler="/api/v1/query_range", job="prometheus"}
Dimensions: 2 Fields by 3 Rows
+-------------------------------+-----------------------------------------------------+
| Name: Time                    | Name: Value                                         |
| Labels:                       | Labels: handler=/api/v1/query_range, job=prometheus |
| Type: []time.Time             | Type: []float64                                     |
+-------------------------------+-----------------------------------------------------+
| 2022-01-11 08:25:30 +0000 UTC | NaN                                                 |
| 2022-01-11 08:25:31 +0000 UTC | NaN                                                 |
| 2022-01-11 08:25:32 +0000 UTC | NaN                                                 |
+-------------------------------+-----------------------------------------------------+


====== TEST DATA RESPONSE (arrow base64) ======
FRAME=QVJST1cxAAD/////+AIAABAAAAAAAAoADgAMAAsABAAKAAAAFAAAAAAAAAEEAAoADAAAAAgABAAKAAAACAAAAOgAAAADAAAAfAAAACgAAAAEAAAApP3//wgAAAAMAAAAAAAAAAAAAAAFAAAAcmVmSWQAAADE/f//CAAAADwAAAAxAAAAe2hhbmRsZXI9Ii9hcGkvdjEvcXVlcnlfcmFuZ2UiLCBqb2I9InByb21ldGhldXMifQAAAAQAAABuYW1lAAAAABT+//8IAAAAUAAAAEQAAAB7InR5cGUiOiJ0aW1lc2VyaWVzLW1hbnkiLCJleGVjdXRlZFF1ZXJ5U3RyaW5nIjoiRXhwcjogXG5TdGVwOiAxNXMifQAAAAAEAAAAbWV0YQAAAAACAAAAPAEAAAQAAADe/v//FAAAAAQBAAAEAQAAAAAAAwQBAAADAAAAhAAAACwAAAAEAAAArP7//wgAAAAQAAAABQAAAFZhbHVlAAAABAAAAG5hbWUAAAAA0P7//wgAAABAAAAANAAAAHsiaGFuZGxlciI6Ii9hcGkvdjEvcXVlcnlfcmFuZ2UiLCJqb2IiOiJwcm9tZXRoZXVzIn0AAAAABgAAAGxhYmVscwAAJP///wgAAABYAAAATQAAAHsiZGlzcGxheU5hbWVGcm9tRFMiOiJ7aGFuZGxlcj1cIi9hcGkvdjEvcXVlcnlfcmFuZ2VcIiwgam9iPVwicHJvbWV0aGV1c1wifSJ9AAAABgAAAGNvbmZpZwAAAAAAAFb///8AAAIABQAAAFZhbHVlABIAGAAUAAAAEwAMAAAACAAEABIAAAAUAAAAeAAAAIAAAAAAAAAKgAAAAAIAAAA0AAAABAAAANz///8IAAAAEAAAAAQAAABUaW1lAAAAAAQAAABuYW1lAAAAAAgADAAIAAQACAAAAAgAAAAcAAAAEgAAAHsiaW50ZXJ2YWwiOjE1MDAwfQAABgAAAGNvbmZpZwAAAAAAAAAABgAIAAYABgAAAAAAAwAEAAAAVGltZQAAAAD/////uAAAABQAAAAAAAAADAAWABQAEwAMAAQADAAAADAAAAAAAAAAFAAAAAAAAAMEAAoAGAAMAAgABAAKAAAAFAAAAFgAAAADAAAAAAAAAAAAAAAEAAAAAAAAAAAAAAAAAAAAAAAAAAAAAAAAAAAAGAAAAAAAAAAYAAAAAAAAAAAAAAAAAAAAGAAAAAAAAAAYAAAAAAAAAAAAAAACAAAAAwAAAAAAAAAAAAAAAAAAAAMAAAAAAAAAAAAAAAAAAAAARBUU1CnJFgAOsE/UKckWANhKi9QpyRYBAAAAAAD4fwEAAAAAAPh/AQAAAAAA+H8QAAAADAAUABIADAAIAAQADAAAABAAAAAsAAAAPAAAAAAABAABAAAACAMAAAAAAADAAAAAAAAAADAAAAAAAAAAAAAAAAAAAAAAAAAAAAAKAAwAAAAIAAQACgAAAAgAAADoAAAAAwAAAHwAAAAoAAAABAAAAKT9//8IAAAADAAAAAAAAAAAAAAABQAAAHJlZklkAAAAxP3//wgAAAA8AAAAMQAAAHtoYW5kbGVyPSIvYXBpL3YxL3F1ZXJ5X3JhbmdlIiwgam9iPSJwcm9tZXRoZXVzIn0AAAAEAAAAbmFtZQAAAAAU/v//CAAAAFAAAABEAAAAeyJ0eXBlIjoidGltZXNlcmllcy1tYW55IiwiZXhlY3V0ZWRRdWVyeVN0cmluZyI6IkV4cHI6IFxuU3RlcDogMTVzIn0AAAAABAAAAG1ldGEAAAAAAgAAADwBAAAEAAAA3v7//xQAAAAEAQAABAEAAAAAAAMEAQAAAwAAAIQAAAAsAAAABAAAAKz+//8IAAAAEAAAAAUAAABWYWx1ZQAAAAQAAABuYW1lAAAAAND+//8IAAAAQAAAADQAAAB7ImhhbmRsZXIiOiIvYXBpL3YxL3F1ZXJ5X3JhbmdlIiwiam9iIjoicHJvbWV0aGV1cyJ9AAAAAAYAAABsYWJlbHMAACT///8IAAAAWAAAAE0AAAB7ImRpc3BsYXlOYW1lRnJvbURTIjoie2hhbmRsZXI9XCIvYXBpL3YxL3F1ZXJ5X3JhbmdlXCIsIGpvYj1cInByb21ldGhldXNcIn0ifQAAAAYAAABjb25maWcAAAAAAABW////AAACAAUAAABWYWx1ZQASABgAFAAAABMADAAAAAgABAASAAAAFAAAAHgAAACAAAAAAAAACoAAAAACAAAANAAAAAQAAADc////CAAAABAAAAAEAAAAVGltZQAAAAAEAAAAbmFtZQAAAAAIAAwACAAEAAgAAAAIAAAAHAAAABIAAAB7ImludGVydmFsIjoxNTAwMH0AAAYAAABjb25maWcAAAAAAAAAAAYACAAGAAYAAAAAAAMABAAAAFRpbWUAAAAAKAMAAEFSUk9XMQ==
