ðŸŒŸ This was machine generated.  Do not edit. ðŸŒŸ

Frame[0] {
    "type": "timeseries-many",
    "executedQueryString": "Expr: test1\nStep: 15s"
}
Name: go_goroutines{job="prometheus"}
Dimensions: 2 Fields by 3 Rows
+-------------------------------+------------------------------------------------+
| Name: Time                    | Name: Value                                    |
| Labels:                       | Labels: __name__=go_goroutines, job=prometheus |
| Type: []time.Time             | Type: []float64                                |
+-------------------------------+------------------------------------------------+
| 2022-01-11 08:25:33 +0000 UTC | 21                                             |
| 2022-01-11 08:25:34 +0000 UTC | 32                                             |
| 2022-01-11 08:25:37 +0000 UTC | 43                                             |
+-------------------------------+------------------------------------------------+


====== TEST DATA RESPONSE (arrow base64) ======
FRAME=QVJST1cxAAD/////0AIAABAAAAAAAAoADgAMAAsABAAKAAAAFAAAAAAAAAEEAAoADAAAAAgABAAKAAAACAAAANgAAAADAAAAaAAAACgAAAAEAAAA0P3//wgAAAAMAAAAAAAAAAAAAAAFAAAAcmVmSWQAAADw/f//CAAAACgAAAAfAAAAZ29fZ29yb3V0aW5lc3tqb2I9InByb21ldGhldXMifQAEAAAAbmFtZQAAAAAs/v//CAAAAFQAAABJAAAAeyJ0eXBlIjoidGltZXNlcmllcy1tYW55IiwiZXhlY3V0ZWRRdWVyeVN0cmluZyI6IkV4cHI6IHRlc3QxXG5TdGVwOiAxNXMifQAAAAQAAABtZXRhAAAAAAIAAAAgAQAABAAAAPr+//8UAAAA6AAAAOgAAAAAAAAD6AAAAAMAAAB8AAAALAAAAAQAAADI/v//CAAAABAAAAAFAAAAVmFsdWUAAAAEAAAAbmFtZQAAAADs/v//CAAAADgAAAAvAAAAeyJfX25hbWVfXyI6ImdvX2dvcm91dGluZXMiLCJqb2IiOiJwcm9tZXRoZXVzIn0ABgAAAGxhYmVscwAAOP///wgAAABEAAAAOQAAAHsiZGlzcGxheU5hbWVGcm9tRFMiOiJnb19nb3JvdXRpbmVze2pvYj1cInByb21ldGhldXNcIn0ifQAAAAYAAABjb25maWcAAAAAAABW////AAACAAUAAABWYWx1ZQASABgAFAAAABMADAAAAAgABAASAAAAFAAAAHgAAACAAAAAAAAACoAAAAACAAAANAAAAAQAAADc////CAAAABAAAAAEAAAAVGltZQAAAAAEAAAAbmFtZQAAAAAIAAwACAAEAAgAAAAIAAAAHAAAABIAAAB7ImludGVydmFsIjoxNTAwMH0AAAYAAABjb25maWcAAAAAAAAAAAYACAAGAAYAAAAAAAMABAAAAFRpbWUAAAAAAAAAAP////+4AAAAFAAAAAAAAAAMABYAFAATAAwABAAMAAAAMAAAAAAAAAAUAAAAAAAAAwQACgAYAAwACAAEAAoAAAAUAAAAWAAAAAMAAAAAAAAAAAAAAAQAAAAAAAAAAAAAAAAAAAAAAAAAAAAAAAAAAAAYAAAAAAAAABgAAAAAAAAAAAAAAAAAAAAYAAAAAAAAABgAAAAAAAAAAAAAAAIAAAADAAAAAAAAAAAAAAAAAAAAAwAAAAAAAAAAAAAAAAAAAACi5cbUKckWAGyAAtUpyRYAylC11SnJFgAAAAAAADVAAAAAAAAAQEAAAAAAAIBFQBAAAAAMABQAEgAMAAgABAAMAAAAEAAAACwAAAA4AAAAAAAEAAEAAADgAgAAAAAAAMAAAAAAAAAAMAAAAAAAAAAAAAAAAAAAAAAACgAMAAAACAAEAAoAAAAIAAAA2AAAAAMAAABoAAAAKAAAAAQAAADQ/f//CAAAAAwAAAAAAAAAAAAAAAUAAAByZWZJZAAAAPD9//8IAAAAKAAAAB8AAABnb19nb3JvdXRpbmVze2pvYj0icHJvbWV0aGV1cyJ9AAQAAABuYW1lAAAAACz+//8IAAAAVAAAAEkAAAB7InR5cGUiOiJ0aW1lc2VyaWVzLW1hbnkiLCJleGVjdXRlZFF1ZXJ5U3RyaW5nIjoiRXhwcjogdGVzdDFcblN0ZXA6IDE1cyJ9AAAABAAAAG1ldGEAAAAAAgAAACABAAAEAAAA+v7//xQAAADoAAAA6AAAAAAAAAPoAAAAAwAAAHwAAAAsAAAABAAAAMj+//8IAAAAEAAAAAUAAABWYWx1ZQAAAAQAAABuYW1lAAAAAOz+//8IAAAAOAAAAC8AAAB7Il9fbmFtZV9fIjoiZ29fZ29yb3V0aW5lcyIsImpvYiI6InByb21ldGhldXMifQAGAAAAbGFiZWxzAAA4////CAAAAEQAAAA5AAAAeyJkaXNwbGF5TmFtZUZyb21EUyI6ImdvX2dvcm91dGluZXN7am9iPVwicHJvbWV0aGV1c1wifSJ9AAAABgAAAGNvbmZpZwAAAAAAAFb///8AAAIABQAAAFZhbHVlABIAGAAUAAAAEwAMAAAACAAEABIAAAAUAAAAeAAAAIAAAAAAAAAKgAAAAAIAAAA0AAAABAAAANz///8IAAAAEAAAAAQAAABUaW1lAAAAAAQAAABuYW1lAAAAAAgADAAIAAQACAAAAAgAAAAcAAAAEgAAAHsiaW50ZXJ2YWwiOjE1MDAwfQAABgAAAGNvbmZpZwAAAAAAAAAABgAIAAYABgAAAAAAAwAEAAAAVGltZQAAAAD4AgAAQVJST1cx
