ðŸŒŸ This was machine generated.  Do not edit. ðŸŒŸ

Frame[0] {
    "type": "timeseries-many",
    "custom": {
        "resultType": "matrix"
    },
    "executedQueryString": "Expr: 1 / 0\nStep: 1s"
}
Name: 
Dimensions: 2 Fields by 3 Rows
+-------------------------------+-----------------+
| Name: Time                    | Name: 1 / 0     |
| Labels:                       | Labels:         |
| Type: []time.Time             | Type: []float64 |
+-------------------------------+-----------------+
| 2022-01-11 08:25:30 +0000 UTC | +Inf            |
| 2022-01-11 08:25:31 +0000 UTC | +Inf            |
| 2022-01-11 08:25:32 +0000 UTC | +Inf            |
+-------------------------------+-----------------+


====== TEST DATA RESPONSE (arrow base64) ======
FRAME=QVJST1cxAAD/////SAIAABAAAAAAAAoADgAMAAsABAAKAAAAFAAAAAAAAAEEAAoADAAAAAgABAAKAAAACAAAANwAAAADAAAATAAAACgAAAAEAAAAVP7//wgAAAAMAAAAAAAAAAAAAAAFAAAAcmVmSWQAAAB0/v//CAAAAAwAAAAAAAAAAAAAAAQAAABuYW1lAAAAAJT+//8IAAAAdAAAAGkAAAB7InR5cGUiOiJ0aW1lc2VyaWVzLW1hbnkiLCJjdXN0b20iOnsicmVzdWx0VHlwZSI6Im1hdHJpeCJ9LCJleGVjdXRlZFF1ZXJ5U3RyaW5nIjoiRXhwcjogMSAvIDBcblN0ZXA6IDFzIn0AAAAEAAAAbWV0YQAAAAACAAAAmAAAAAQAAACC////FAAAAGAAAABgAAAAAAAAA2AAAAACAAAALAAAAAQAAABM////CAAAABAAAAAFAAAAMSAvIDAAAAAEAAAAbmFtZQAAAABw////CAAAAAwAAAACAAAAe30AAAYAAABsYWJlbHMAAAAAAABW////AAACAAUAAAAxIC8gMAASABgAFAAAABMADAAAAAgABAASAAAAFAAAAHgAAACAAAAAAAAACoAAAAACAAAANAAAAAQAAADc////CAAAABAAAAAEAAAAVGltZQAAAAAEAAAAbmFtZQAAAAAIAAwACAAEAAgAAAAIAAAAHAAAABEAAAB7ImludGVydmFsIjoxMDAwfQAAAAYAAABjb25maWcAAAAAAAAAAAYACAAGAAYAAAAAAAMABAAAAFRpbWUAAAAA/////7gAAAAUAAAAAAAAAAwAFgAUABMADAAEAAwAAAAwAAAAAAAAABQAAAAAAAADBAAKABgADAAIAAQACgAAABQAAABYAAAAAwAAAAAAAAAAAAAABAAAAAAAAAAAAAAAAAAAAAAAAAAAAAAAAAAAABgAAAAAAAAAGAAAAAAAAAAAAAAAAAAAABgAAAAAAAAAGAAAAAAAAAAAAAAAAgAAAAMAAAAAAAAAAAAAAAAAAAADAAAAAAAAAAAAAAAAAAAAAEQVFNQpyRYADrBP1CnJFgDYSovUKckWAAAAAAAA8H8AAAAAAADwfwAAAAAAAPB/EAAAAAwAFAASAAwACAAEAAwAAAAQAAAALAAAADwAAAAAAAQAAQAAAFgCAAAAAAAAwAAAAAAAAAAwAAAAAAAAAAAAAAAAAAAAAAAAAAAACgAMAAAACAAEAAoAAAAIAAAA3AAAAAMAAABMAAAAKAAAAAQAAABU/v//CAAAAAwAAAAAAAAAAAAAAAUAAAByZWZJZAAAAHT+//8IAAAADAAAAAAAAAAAAAAABAAAAG5hbWUAAAAAlP7//wgAAAB0AAAAaQAAAHsidHlwZSI6InRpbWVzZXJpZXMtbWFueSIsImN1c3RvbSI6eyJyZXN1bHRUeXBlIjoibWF0cml4In0sImV4ZWN1dGVkUXVlcnlTdHJpbmciOiJFeHByOiAxIC8gMFxuU3RlcDogMXMifQAAAAQAAABtZXRhAAAAAAIAAACYAAAABAAAAIL///8UAAAAYAAAAGAAAAAAAAADYAAAAAIAAAAsAAAABAAAAEz///8IAAAAEAAAAAUAAAAxIC8gMAAAAAQAAABuYW1lAAAAAHD///8IAAAADAAAAAIAAAB7fQAABgAAAGxhYmVscwAAAAAAAFb///8AAAIABQAAADEgLyAwABIAGAAUAAAAEwAMAAAACAAEABIAAAAUAAAAeAAAAIAAAAAAAAAKgAAAAAIAAAA0AAAABAAAANz///8IAAAAEAAAAAQAAABUaW1lAAAAAAQAAABuYW1lAAAAAAgADAAIAAQACAAAAAgAAAAcAAAAEQAAAHsiaW50ZXJ2YWwiOjEwMDB9AAAABgAAAGNvbmZpZwAAAAAAAAAABgAIAAYABgAAAAAAAwAEAAAAVGltZQAAAAB4AgAAQVJST1cx
