ðŸŒŸ This was machine generated.  Do not edit. ðŸŒŸ

Frame[0] {
    "type": "timeseries-many",
    "executedQueryString": "Expr: 1 / 0\nStep: 15s"
}
Name: 1 / 0
Dimensions: 2 Fields by 3 Rows
+-------------------------------+-----------------+
| Name: Time                    | Name: Value     |
| Labels:                       | Labels:         |
| Type: []time.Time             | Type: []float64 |
+-------------------------------+-----------------+
| 2022-01-11 08:25:30 +0000 UTC | +Inf            |
| 2022-01-11 08:25:31 +0000 UTC | +Inf            |
| 2022-01-11 08:25:32 +0000 UTC | +Inf            |
+-------------------------------+-----------------+


====== TEST DATA RESPONSE (arrow base64) ======
FRAME=QVJST1cxAAD/////cAIAABAAAAAAAAoADgAMAAsABAAKAAAAFAAAAAAAAAEEAAoADAAAAAgABAAKAAAACAAAAMAAAAADAAAAUAAAACgAAAAEAAAAMP7//wgAAAAMAAAAAAAAAAAAAAAFAAAAcmVmSWQAAABQ/v//CAAAABAAAAAFAAAAMSAvIDAAAAAEAAAAbmFtZQAAAAB0/v//CAAAAFQAAABJAAAAeyJ0eXBlIjoidGltZXNlcmllcy1tYW55IiwiZXhlY3V0ZWRRdWVyeVN0cmluZyI6IkV4cHI6IDEgLyAwXG5TdGVwOiAxNXMifQAAAAQAAABtZXRhAAAAAAIAAADYAAAABAAAAEL///8UAAAAoAAAAKAAAAAAAAADoAAAAAMAAABQAAAALAAAAAQAAAAQ////CAAAABAAAAAFAAAAVmFsdWUAAAAEAAAAbmFtZQAAAAA0////CAAAAAwAAAACAAAAe30AAAYAAABsYWJlbHMAAFT///8IAAAAKAAAAB0AAAB7ImRpc3BsYXlOYW1lRnJvbURTIjoiMSAvIDAifQAAAAYAAABjb25maWcAAAAAAABW////AAACAAUAAABWYWx1ZQASABgAFAAAABMADAAAAAgABAASAAAAFAAAAHgAAACAAAAAAAAACoAAAAACAAAANAAAAAQAAADc////CAAAABAAAAAEAAAAVGltZQAAAAAEAAAAbmFtZQAAAAAIAAwACAAEAAgAAAAIAAAAHAAAABIAAAB7ImludGVydmFsIjoxNTAwMH0AAAYAAABjb25maWcAAAAAAAAAAAYACAAGAAYAAAAAAAMABAAAAFRpbWUAAAAAAAAAAP////+4AAAAFAAAAAAAAAAMABYAFAATAAwABAAMAAAAMAAAAAAAAAAUAAAAAAAAAwQACgAYAAwACAAEAAoAAAAUAAAAWAAAAAMAAAAAAAAAAAAAAAQAAAAAAAAAAAAAAAAAAAAAAAAAAAAAAAAAAAAYAAAAAAAAABgAAAAAAAAAAAAAAAAAAAAYAAAAAAAAABgAAAAAAAAAAAAAAAIAAAADAAAAAAAAAAAAAAAAAAAAAwAAAAAAAAAAAAAAAAAAAABEFRTUKckWAA6wT9QpyRYA2EqL1CnJFgAAAAAAAPB/AAAAAAAA8H8AAAAAAADwfxAAAAAMABQAEgAMAAgABAAMAAAAEAAAACwAAAA4AAAAAAAEAAEAAACAAgAAAAAAAMAAAAAAAAAAMAAAAAAAAAAAAAAAAAAAAAAACgAMAAAACAAEAAoAAAAIAAAAwAAAAAMAAABQAAAAKAAAAAQAAAAw/v//CAAAAAwAAAAAAAAAAAAAAAUAAAByZWZJZAAAAFD+//8IAAAAEAAAAAUAAAAxIC8gMAAAAAQAAABuYW1lAAAAAHT+//8IAAAAVAAAAEkAAAB7InR5cGUiOiJ0aW1lc2VyaWVzLW1hbnkiLCJleGVjdXRlZFF1ZXJ5U3RyaW5nIjoiRXhwcjogMSAvIDBcblN0ZXA6IDE1cyJ9AAAABAAAAG1ldGEAAAAAAgAAANgAAAAEAAAAQv///xQAAACgAAAAoAAAAAAAAAOgAAAAAwAAAFAAAAAsAAAABAAAABD///8IAAAAEAAAAAUAAABWYWx1ZQAAAAQAAABuYW1lAAAAADT///8IAAAADAAAAAIAAAB7fQAABgAAAGxhYmVscwAAVP///wgAAAAoAAAAHQAAAHsiZGlzcGxheU5hbWVGcm9tRFMiOiIxIC8gMCJ9AAAABgAAAGNvbmZpZwAAAAAAAFb///8AAAIABQAAAFZhbHVlABIAGAAUAAAAEwAMAAAACAAEABIAAAAUAAAAeAAAAIAAAAAAAAAKgAAAAAIAAAA0AAAABAAAANz///8IAAAAEAAAAAQAAABUaW1lAAAAAAQAAABuYW1lAAAAAAgADAAIAAQACAAAAAgAAAAcAAAAEgAAAHsiaW50ZXJ2YWwiOjE1MDAwfQAABgAAAGNvbmZpZwAAAAAAAAAABgAIAAYABgAAAAAAAwAEAAAAVGltZQAAAACYAgAAQVJST1cx
