ðŸŒŸ This was machine generated.  Do not edit. ðŸŒŸ

Frame[0] {
    "type": "timeseries-many",
    "custom": {
        "resultType": "matrix"
    },
    "executedQueryString": "Expr: test1\nStep: 1s"
}
Name: 
Dimensions: 2 Fields by 3 Rows
+-------------------------------+------------------------------------------------+
| Name: Time                    | Name: go_goroutines{job="prometheus"}          |
| Labels:                       | Labels: __name__=go_goroutines, job=prometheus |
| Type: []time.Time             | Type: []float64                                |
+-------------------------------+------------------------------------------------+
| 2022-01-11 08:25:33 +0000 UTC | 21                                             |
| 2022-01-11 08:25:34 +0000 UTC | 32                                             |
| 2022-01-11 08:25:37 +0000 UTC | 43                                             |
+-------------------------------+------------------------------------------------+


====== TEST DATA RESPONSE (arrow base64) ======
FRAME=QVJST1cxAAD/////qAIAABAAAAAAAAoADgAMAAsABAAKAAAAFAAAAAAAAAEEAAoADAAAAAgABAAKAAAACAAAANwAAAADAAAATAAAACgAAAAEAAAA9P3//wgAAAAMAAAAAAAAAAAAAAAFAAAAcmVmSWQAAAAU/v//CAAAAAwAAAAAAAAAAAAAAAQAAABuYW1lAAAAADT+//8IAAAAdAAAAGkAAAB7InR5cGUiOiJ0aW1lc2VyaWVzLW1hbnkiLCJjdXN0b20iOnsicmVzdWx0VHlwZSI6Im1hdHJpeCJ9LCJleGVjdXRlZFF1ZXJ5U3RyaW5nIjoiRXhwcjogdGVzdDFcblN0ZXA6IDFzIn0AAAAEAAAAbWV0YQAAAAACAAAA+AAAAAQAAAAi////FAAAAKQAAACkAAAAAAAAA6QAAAACAAAARAAAAAQAAADs/v//CAAAACgAAAAfAAAAZ29fZ29yb3V0aW5lc3tqb2I9InByb21ldGhldXMifQAEAAAAbmFtZQAAAAAo////CAAAADgAAAAvAAAAeyJfX25hbWVfXyI6ImdvX2dvcm91dGluZXMiLCJqb2IiOiJwcm9tZXRoZXVzIn0ABgAAAGxhYmVscwAAAAAAADr///8AAAIAHwAAAGdvX2dvcm91dGluZXN7am9iPSJwcm9tZXRoZXVzIn0AAAASABgAFAAAABMADAAAAAgABAASAAAAFAAAAHgAAACAAAAAAAAACoAAAAACAAAANAAAAAQAAADc////CAAAABAAAAAEAAAAVGltZQAAAAAEAAAAbmFtZQAAAAAIAAwACAAEAAgAAAAIAAAAHAAAABEAAAB7ImludGVydmFsIjoxMDAwfQAAAAYAAABjb25maWcAAAAAAAAAAAYACAAGAAYAAAAAAAMABAAAAFRpbWUAAAAA/////7gAAAAUAAAAAAAAAAwAFgAUABMADAAEAAwAAAAwAAAAAAAAABQAAAAAAAADBAAKABgADAAIAAQACgAAABQAAABYAAAAAwAAAAAAAAAAAAAABAAAAAAAAAAAAAAAAAAAAAAAAAAAAAAAAAAAABgAAAAAAAAAGAAAAAAAAAAAAAAAAAAAABgAAAAAAAAAGAAAAAAAAAAAAAAAAgAAAAMAAAAAAAAAAAAAAAAAAAADAAAAAAAAAAAAAAAAAAAAAKLlxtQpyRYAbIAC1SnJFgDKULXVKckWAAAAAAAANUAAAAAAAABAQAAAAAAAgEVAEAAAAAwAFAASAAwACAAEAAwAAAAQAAAALAAAADwAAAAAAAQAAQAAALgCAAAAAAAAwAAAAAAAAAAwAAAAAAAAAAAAAAAAAAAAAAAAAAAACgAMAAAACAAEAAoAAAAIAAAA3AAAAAMAAABMAAAAKAAAAAQAAAD0/f//CAAAAAwAAAAAAAAAAAAAAAUAAAByZWZJZAAAABT+//8IAAAADAAAAAAAAAAAAAAABAAAAG5hbWUAAAAANP7//wgAAAB0AAAAaQAAAHsidHlwZSI6InRpbWVzZXJpZXMtbWFueSIsImN1c3RvbSI6eyJyZXN1bHRUeXBlIjoibWF0cml4In0sImV4ZWN1dGVkUXVlcnlTdHJpbmciOiJFeHByOiB0ZXN0MVxuU3RlcDogMXMifQAAAAQAAABtZXRhAAAAAAIAAAD4AAAABAAAACL///8UAAAApAAAAKQAAAAAAAADpAAAAAIAAABEAAAABAAAAOz+//8IAAAAKAAAAB8AAABnb19nb3JvdXRpbmVze2pvYj0icHJvbWV0aGV1cyJ9AAQAAABuYW1lAAAAACj///8IAAAAOAAAAC8AAAB7Il9fbmFtZV9fIjoiZ29fZ29yb3V0aW5lcyIsImpvYiI6InByb21ldGhldXMifQAGAAAAbGFiZWxzAAAAAAAAOv///wAAAgAfAAAAZ29fZ29yb3V0aW5lc3tqb2I9InByb21ldGhldXMifQAAABIAGAAUAAAAEwAMAAAACAAEABIAAAAUAAAAeAAAAIAAAAAAAAAKgAAAAAIAAAA0AAAABAAAANz///8IAAAAEAAAAAQAAABUaW1lAAAAAAQAAABuYW1lAAAAAAgADAAIAAQACAAAAAgAAAAcAAAAEQAAAHsiaW50ZXJ2YWwiOjEwMDB9AAAABgAAAGNvbmZpZwAAAAAAAAAABgAIAAYABgAAAAAAAwAEAAAAVGltZQAAAADYAgAAQVJST1cx
