ðŸŒŸ This was machine generated.  Do not edit. ðŸŒŸ

Frame[0] {
    "type": "timeseries-many",
    "custom": {
        "resultType": "matrix"
    },
    "executedQueryString": "Expr: \nStep: 1s"
}
Name: 
Dimensions: 2 Fields by 3 Rows
+-------------------------------+---------------------------------------------------------+
| Name: Time                    | Name: {handler="/api/v1/query_range", job="prometheus"} |
| Labels:                       | Labels: handler=/api/v1/query_range, job=prometheus     |
| Type: []time.Time             | Type: []float64                                         |
+-------------------------------+---------------------------------------------------------+
| 2022-01-11 08:25:30 +0000 UTC | NaN                                                     |
| 2022-01-11 08:25:31 +0000 UTC | NaN                                                     |
| 2022-01-11 08:25:32 +0000 UTC | NaN                                                     |
+-------------------------------+---------------------------------------------------------+


====== TEST DATA RESPONSE (arrow base64) ======
FRAME=QVJST1cxAAD/////0AIAABAAAAAAAAoADgAMAAsABAAKAAAAFAAAAAAAAAEEAAoADAAAAAgABAAKAAAACAAAANgAAAADAAAATAAAACgAAAAEAAAAzP3//wgAAAAMAAAAAAAAAAAAAAAFAAAAcmVmSWQAAADs/f//CAAAAAwAAAAAAAAAAAAAAAQAAABuYW1lAAAAAAz+//8IAAAAcAAAAGQAAAB7InR5cGUiOiJ0aW1lc2VyaWVzLW1hbnkiLCJjdXN0b20iOnsicmVzdWx0VHlwZSI6Im1hdHJpeCJ9LCJleGVjdXRlZFF1ZXJ5U3RyaW5nIjoiRXhwcjogXG5TdGVwOiAxcyJ9AAAAAAQAAABtZXRhAAAAAAIAAAAkAQAABAAAAPb+//8UAAAAwAAAAMAAAAAAAAADwAAAAAIAAABYAAAABAAAAMD+//8IAAAAPAAAADEAAAB7aGFuZGxlcj0iL2FwaS92MS9xdWVyeV9yYW5nZSIsIGpvYj0icHJvbWV0aGV1cyJ9AAAABAAAAG5hbWUAAAAAEP///wgAAABAAAAANAAAAHsiaGFuZGxlciI6Ii9hcGkvdjEvcXVlcnlfcmFuZ2UiLCJqb2IiOiJwcm9tZXRoZXVzIn0AAAAABgAAAGxhYmVscwAAAAAAACr///8AAAIAMQAAAHtoYW5kbGVyPSIvYXBpL3YxL3F1ZXJ5X3JhbmdlIiwgam9iPSJwcm9tZXRoZXVzIn0AEgAYABQAAAATAAwAAAAIAAQAEgAAABQAAAB4AAAAgAAAAAAAAAqAAAAAAgAAADQAAAAEAAAA3P///wgAAAAQAAAABAAAAFRpbWUAAAAABAAAAG5hbWUAAAAACAAMAAgABAAIAAAACAAAABwAAAARAAAAeyJpbnRlcnZhbCI6MTAwMH0AAAAGAAAAY29uZmlnAAAAAAAAAAAGAAgABgAGAAAAAAADAAQAAABUaW1lAAAAAP////+4AAAAFAAAAAAAAAAMABYAFAATAAwABAAMAAAAMAAAAAAAAAAUAAAAAAAAAwQACgAYAAwACAAEAAoAAAAUAAAAWAAAAAMAAAAAAAAAAAAAAAQAAAAAAAAAAAAAAAAAAAAAAAAAAAAAAAAAAAAYAAAAAAAAABgAAAAAAAAAAAAAAAAAAAAYAAAAAAAAABgAAAAAAAAAAAAAAAIAAAADAAAAAAAAAAAAAAAAAAAAAwAAAAAAAAAAAAAAAAAAAABEFRTUKckWAA6wT9QpyRYA2EqL1CnJFgEAAAAAAPh/AQAAAAAA+H8BAAAAAAD4fxAAAAAMABQAEgAMAAgABAAMAAAAEAAAACwAAAA8AAAAAAAEAAEAAADgAgAAAAAAAMAAAAAAAAAAMAAAAAAAAAAAAAAAAAAAAAAAAAAAAAoADAAAAAgABAAKAAAACAAAANgAAAADAAAATAAAACgAAAAEAAAAzP3//wgAAAAMAAAAAAAAAAAAAAAFAAAAcmVmSWQAAADs/f//CAAAAAwAAAAAAAAAAAAAAAQAAABuYW1lAAAAAAz+//8IAAAAcAAAAGQAAAB7InR5cGUiOiJ0aW1lc2VyaWVzLW1hbnkiLCJjdXN0b20iOnsicmVzdWx0VHlwZSI6Im1hdHJpeCJ9LCJleGVjdXRlZFF1ZXJ5U3RyaW5nIjoiRXhwcjogXG5TdGVwOiAxcyJ9AAAAAAQAAABtZXRhAAAAAAIAAAAkAQAABAAAAPb+//8UAAAAwAAAAMAAAAAAAAADwAAAAAIAAABYAAAABAAAAMD+//8IAAAAPAAAADEAAAB7aGFuZGxlcj0iL2FwaS92MS9xdWVyeV9yYW5nZSIsIGpvYj0icHJvbWV0aGV1cyJ9AAAABAAAAG5hbWUAAAAAEP///wgAAABAAAAANAAAAHsiaGFuZGxlciI6Ii9hcGkvdjEvcXVlcnlfcmFuZ2UiLCJqb2IiOiJwcm9tZXRoZXVzIn0AAAAABgAAAGxhYmVscwAAAAAAACr///8AAAIAMQAAAHtoYW5kbGVyPSIvYXBpL3YxL3F1ZXJ5X3JhbmdlIiwgam9iPSJwcm9tZXRoZXVzIn0AEgAYABQAAAATAAwAAAAIAAQAEgAAABQAAAB4AAAAgAAAAAAAAAqAAAAAAgAAADQAAAAEAAAA3P///wgAAAAQAAAABAAAAFRpbWUAAAAABAAAAG5hbWUAAAAACAAMAAgABAAIAAAACAAAABwAAAARAAAAeyJpbnRlcnZhbCI6MTAwMH0AAAAGAAAAY29uZmlnAAAAAAAAAAAGAAgABgAGAAAAAAADAAQAAABUaW1lAAAAAAADAABBUlJPVzE=
